{"n_runs": 27, "total_jpy_low_mid_high": [10.49, 13.74, 17.8], "budget_jpy": 12.0, "mode": {"r5_mode": "verify_supported", "r3_reasoning": "high", "r5_reasoning": "medium", "r3_reused_from": "er052_output/open233_stage1_stageA_01"}}
[done] s1/bgroup_B3 cands=7 cost=JPY0.3894 cum=JPY0.389
[done] s1/safety_A2A3 cands=13 cost=JPY0.3455 cum=JPY0.735
[done] s1/safety_A4 cands=19 cost=JPY0.3459 cum=JPY1.081
[done] s1/safety_A5 cands=21 cost=JPY0.3418 cum=JPY1.423
[done] s1/bgroup_B4 cands=21 cost=JPY0.2553 cum=JPY1.678
[done] s1/neg5_hormuz_div_a2 cands=5 cost=JPY0.5469 cum=JPY2.225
[done] s1/safety_er009_changed_number cands=1 cost=JPY0.1625 cum=JPY2.387
[done] s1/safety_er009_changed_actor cands=1 cost=JPY0.2429 cum=JPY2.630
[done] s1/safety_er009_changed_scope cands=1 cost=JPY0.1911 cum=JPY2.821
[done] s1/safety_er009_changed_causality cands=1 cost=JPY0.1588 cum=JPY2.980
[done] s1/safety_er009_changed_certainty cands=1 cost=JPY0.1566 cum=JPY3.137
[done] s1/safety_er009_changed_negation cands=1 cost=JPY0.1364 cum=JPY3.273
[done] s1/safety_er009_changed_comparison cands=1 cost=JPY0.1328 cum=JPY3.406
[done] s1/safety_er009_changed_time cands=1 cost=JPY0.1658 cum=JPY3.572
[done] s1/safety_er009_unsupported_new_claim cands=1 cost=JPY0.136 cum=JPY3.708
[done] s2/bgroup_B3 cands=6 cost=JPY0.4061 cum=JPY4.114
[done] s2/safety_A2A3 cands=13 cost=JPY0.3319 cum=JPY4.446
[done] s2/safety_A4 cands=19 cost=JPY0.421 cum=JPY4.867
[done] s2/safety_A5 cands=18 cost=JPY0.3606 cum=JPY5.227
[done] s2/bgroup_B4 cands=22 cost=JPY0.2475 cum=JPY5.475
[done] s2/neg5_hormuz_div_a2 cands=4 cost=JPY0.4219 cum=JPY5.897
[done] s3/bgroup_B3 cands=5 cost=JPY0.5052 cum=JPY6.402
[done] s3/safety_A2A3 cands=15 cost=JPY0.2878 cum=JPY6.690
[done] s3/safety_A4 cands=20 cost=JPY0.279 cum=JPY6.969
[done] s3/safety_A5 cands=16 cost=JPY0.3583 cum=JPY7.327
[done] s3/bgroup_B4 cands=22 cost=JPY0.2411 cum=JPY7.568
[done] s3/neg5_hormuz_div_a2 cands=6 cost=JPY0.4378 cum=JPY8.006
{
  "switches": {
    "STAGE1_MODE": "coverage_union",
    "STAGE1_ROUTES": "both",
    "MODEL": "gpt-6-luna",
    "TOTAL_BUDGET_JPY": 12.0,
    "STAGE1_R5_MODE": "verify_supported",
    "STAGE1_R3_REASONING": "high",
    "STAGE1_R5_REASONING": "medium",
    "STAGE1_NEGATION_MODE": "a",
    "REUSE_R3_DIR": "er052_output/open233_stage1_stageA_01"
  },
  "stopped": false,
  "stop_reason": null,
  "runs": [
    {
      "sample": 1,
      "instance_id": "bgroup_B3",
      "cost": 0.3894,
      "n_union": 7
    },
    {
      "sample": 1,
      "instance_id": "safety_A2A3",
      "cost": 0.3455,
      "n_union": 13
    },
    {
      "sample": 1,
      "instance_id": "safety_A4",
      "cost": 0.3459,
      "n_union": 19
    },
    {
      "sample": 1,
      "instance_id": "safety_A5",
      "cost": 0.3418,
      "n_union": 21
    },
    {
      "sample": 1,
      "instance_id": "bgroup_B4",
      "cost": 0.2553,
      "n_union": 21
    },
    {
      "sample": 1,
      "instance_id": "neg5_hormuz_div_a2",
      "cost": 0.5469,
      "n_union": 5
    },
    {
      "sample": 1,
      "instance_id": "safety_er009_changed_number",
      "cost": 0.1625,
      "n_union": 1
    },
    {
      "sample": 1,
      "instance_id": "safety_er009_changed_actor",
      "cost": 0.2429,
      "n_union": 1
    },
    {
      "sample": 1,
      "instance_id": "safety_er009_changed_scope",
      "cost": 0.1911,
      "n_union": 1
    },
    {
      "sample": 1,
      "instance_id": "safety_er009_changed_causality",
      "cost": 0.1588,
      "n_union": 1
    },
    {
      "sample": 1,
      "instance_id": "safety_er009_changed_certainty",
      "cost": 0.1566,
      "n_union": 1
    },
    {
      "sample": 1,
      "instance_id": "safety_er009_changed_negation",
      "cost": 0.1364,
      "n_union": 1
    },
    {
      "sample": 1,
      "instance_id": "safety_er009_changed_comparison",
      "cost": 0.1328,
      "n_union": 1
    },
    {
      "sample": 1,
      "instance_id": "safety_er009_changed_time",
      "cost": 0.1658,
      "n_union": 1
    },
    {
      "sample": 1,
      "instance_id": "safety_er009_unsupported_new_claim",
      "cost": 0.136,
      "n_union": 1
    },
    {
      "sample": 2,
      "instance_id": "bgroup_B3",
      "cost": 0.4061,
      "n_union": 6
    },
    {
      "sample": 2,
      "instance_id": "safety_A2A3",
      "cost": 0.3319,
      "n_union": 13
    },
    {
      "sample": 2,
      "instance_id": "safety_A4",
      "cost": 0.421,
      "n_union": 19
    },
    {
      "sample": 2,
      "instance_id": "safety_A5",
      "cost": 0.3606,
      "n_union": 18
    },
    {
      "sample": 2,
      "instance_id": "bgroup_B4",
      "cost": 0.2475,
      "n_union": 22
    },
    {
      "sample": 2,
      "instance_id": "neg5_hormuz_div_a2",
      "cost": 0.4219,
      "n_union": 4
    },
    {
      "sample": 3,
      "instance_id": "bgroup_B3",
      "cost": 0.5052,
      "n_union": 5
    },
    {
      "sample": 3,
      "instance_id": "safety_A2A3",
      "cost": 0.2878,
      "n_union": 15
    },
    {
      "sample": 3,
      "instance_id": "safety_A4",
      "cost": 0.279,
      "n_union": 20
    },
    {
      "sample": 3,
      "instance_id": "safety_A5",
      "cost": 0.3583,
      "n_union": 16
    },
    {
      "sample": 3,
      "instance_id": "bgroup_B4",
      "cost": 0.2411,
      "n_union": 22
    },
    {
      "sample": 3,
      "instance_id": "neg5_hormuz_div_a2",
      "cost": 0.4378,
      "n_union": 6
    }
  ],
  "exceptions": [],
  "runs_over_3jpy": [],
  "cumulative_jpy": 8.0059,
  "worst_run_jpy": 0.5469
}
