[ER-009-N1] 同期TTSモードへ切替済み(Batch APIは使用しない、ユーザー指示によるNo.9限定)
[N3-TTS][pool_n9_tip_screens/a2] topic_intro生成(Aoede、A2既存単一Voice)...
[N3-TTS][pool_n9_tip_screens/a2] japanese_title生成: '会計画面がいつも「多め」のチップを提案してくる理由'...
[N3-TTS][pool_n9_tip_screens/a2] preview生成(日本語)...
[N3-TTS][pool_n9_tip_screens/a2] comment_1生成(日本語)...
[N3-TTS][pool_n9_tip_screens/a2] comment_2生成(日本語)...
[N3-TTS][pool_n9_tip_screens/a2] comment_3生成(日本語)...
[N3-TTS][pool_n9_tip_screens/a2] comment_4生成(日本語)...
[N3-TTS][pool_n9_tip_screens/a2] point_one_heading生成(英語、semantic heading、わずかに遅く+6%減速)...
[N3-TTS][pool_n9_tip_screens/a2] point_two_heading生成(英語、semantic heading、わずかに遅く+6%減速)...
[N3-TTS][pool_n9_tip_screens/a2] full_story_part1生成(英語News本文、わずかに遅く+6%減速)...
[N3-TTS][pool_n9_tip_screens/a2] full_story_part2生成(英語News本文、わずかに遅く+6%減速)...
[N3-TTS][pool_n9_tip_screens/a2] point_one生成(英語News本文、わずかに遅く+6%減速)...
[N3-TTS][pool_n9_tip_screens/a2] point_two生成(英語News本文、わずかに遅く+6%減速)...
[N3-TTS][pool_n9_tip_screens/a2] in_one_line生成(英語News本文、わずかに遅く+6%減速)...
[N3-TTS][pool_n9_tip_screens/a2] Key Phrase 1 英語Component生成(Aoede、Master Audio Store経由): 'guilt tipping'...
[N3-TTS][pool_n9_tip_screens/a2] meaning_1生成(日本語): '罪悪感からするチップ'...
[N3-TTS][pool_n9_tip_screens/a2] Key Phrase 2 英語Component生成(Aoede、Master Audio Store経由): 'default'...
[N3-TTS][pool_n9_tip_screens/a2] meaning_2生成(日本語): '初期設定の選択肢'...
[N3-TTS][pool_n9_tip_screens/a2] Key Phrase 3 英語Component生成(Aoede、Master Audio Store経由): 'push back'...
[N3-TTS][pool_n9_tip_screens/a2] meaning_3生成(日本語): '反発する、抵抗する'...
[N3-TTS][pool_n9_tip_screens/a2] Key Phrase 4 英語Component生成(Aoede、Master Audio Store経由): 'a catch'...
[N3-TTS][pool_n9_tip_screens/a2] meaning_4生成(日本語): '落とし穴、ただし書き'...
[N3-TTS][pool_n9_tip_screens/a2] Key Phrase 5 英語Component生成(Aoede、Master Audio Store経由): 'starting point'...
[N3-TTS][pool_n9_tip_screens/a2] meaning_5生成(日本語): '判断の出発点、基準'...
[N3-TTS][pool_n9_tip_screens/a2] 完了。segment_status={'topic_intro': 'OK', 'japanese_title': 'OK', 'preview': 'OK', 'comment_1': 'OK', 'comment_2': 'OK', 'comment_3': 'OK', 'comment_4': 'OK', 'point_one_heading': 'OK', 'point_two_heading': 'OK', 'full_story_part1': 'OK', 'full_story_part2': 'OK', 'point_one': 'OK', 'point_two': 'OK', 'in_one_line': 'OK'} kp_status={1: {'en': 'OK', 'ja': 'OK'}, 2: {'en': 'HUMAN_REVIEW_LOCKED', 'ja': 'OK'}, 3: {'en': 'OK', 'ja': 'OK'}, 4: {'en': 'OK', 'ja': 'OK'}, 5: {'en': 'OK', 'ja': 'OK'}}
[ER-009-N1] Batch TTSモードへ復元済み
[pool_n9_tip_screens] A2 Audio再実行完了。timing={'tts_a2': 372.62, 'assemble_a2': 0.05}
  A2 TTS: {'topic_intro': 'OK', 'japanese_title': 'OK', 'preview': 'OK', 'comment_1': 'OK', 'comment_2': 'OK', 'comment_3': 'OK', 'comment_4': 'OK', 'point_one_heading': 'OK', 'point_two_heading': 'OK', 'full_story_part1': 'OK', 'full_story_part2': 'OK', 'point_one': 'OK', 'point_two': 'OK', 'in_one_line': 'OK'}
  A2 kp_status: None
  A2 Assemble: None
  A2 Assemble ERROR: EPISODE_BLOCKED_BY_AUDIO_VALIDATION: A2のepisode assemblyを中止しました。以下のsegmentが今回のrunでVALIDATED/HUMAN_APPROVED状態ではありません、または必須post-processのevidenceがありません: ['kp2_english=UNVALIDATED']。未検証・stale・STOPPEDの音声、または6% slowdown等の必須post-processを経ていない音声をそのまま完成扱いにすることは許可されていません(ER-008-AUDIO-VALIDATION-GATE-AND-EVIDENCE-MAJOR-AUDIT-05、ER-008-N8-PRODUCTION-WIRING-AND-FOLLOWUP-19)。該当segmentを再生成するか、post-processを適用してから再度assemblyを実行してください。
