meta V0 b3 skip(existing)
meta V0 b4 skip(existing)
hormuz V0 b3 skip(existing)
hormuz V0 b4 skip(existing)
space_weapons V0 b3 skip(existing)
space_weapons V0 b4 skip(existing)
meta V1 b3 skip(existing)
meta V1 b4 skip(existing)
hormuz V1 b3 skip(existing)
hormuz V1 b4 skip(existing)
space_weapons V1 b3 skip(existing)
space_weapons V1 b4 skip(existing)
meta V3 b3 skip(existing)
meta V3 b4 skip(existing)
hormuz V3 b3 skip(existing)
hormuz V3 b4 skip(existing)
space_weapons V3 b3 rc=0
space_weapons V3 b4 rc=0
meta V6 b4 rc=0
hormuz V6 b3 skip(existing)
hormuz V6 b4 skip(existing)
meta V6 b3 rc=0
space_weapons V6 b4 skip(existing)
space_weapons V6 b3 rc=0
