targets 7 budget 22.0 spent so far 0.0
t0 r0 guard_ok=True exhausted=False regen=0 viol=[] cost=0.86 total=0.86
t1 r0 guard_ok=True exhausted=False regen=0 viol=[] cost=0.91 total=1.77
t2 r0 guard_ok=True exhausted=False regen=0 viol=['subject'] cost=1.17 total=2.94
t3 r0 guard_ok=False exhausted=True regen=3 viol=None cost=0.76 total=3.70
t4 r0 guard_ok=True exhausted=False regen=1 viol=[] cost=1.46 total=5.16
t5 r0 guard_ok=True exhausted=False regen=1 viol=['subject'] cost=0.89 total=6.05
t6 r0 guard_ok=True exhausted=False regen=1 viol=[] cost=1.15 total=7.20
t0 r1 guard_ok=True exhausted=False regen=0 viol=[] cost=0.46 total=7.66
t1 r1 guard_ok=True exhausted=False regen=0 viol=[] cost=0.40 total=8.06
t2 r1 guard_ok=True exhausted=False regen=1 viol=['subject'] cost=1.03 total=9.09
t3 r1 guard_ok=True exhausted=False regen=1 viol=[] cost=0.86 total=9.95
t4 r1 guard_ok=True exhausted=False regen=0 viol=[] cost=1.10 total=11.05
t5 r1 guard_ok=True exhausted=False regen=1 viol=[] cost=0.77 total=11.82
t6 r1 guard_ok=True exhausted=False regen=1 viol=[] cost=0.72 total=12.54
t0 r2 guard_ok=True exhausted=False regen=0 viol=[] cost=0.28 total=12.81
t1 r2 guard_ok=True exhausted=False regen=0 viol=[] cost=0.52 total=13.33
t2 r2 guard_ok=True exhausted=False regen=0 viol=['subject'] cost=0.99 total=14.32
t3 r2 guard_ok=True exhausted=False regen=1 viol=[] cost=0.83 total=15.15
t4 r2 guard_ok=True exhausted=False regen=1 viol=[] cost=1.01 total=16.16
t5 r2 guard_ok=True exhausted=False regen=1 viol=[] cost=0.82 total=16.98
t6 r2 guard_ok=True exhausted=False regen=1 viol=[] cost=0.77 total=17.75
done total 17.7483
