[gen] meta/b1__all6__r1 fresh fresh 8s cum=¥0.1
[gen] meta/b1__all6__r1 chain previous_response_id 11s cum=¥0.3
[gen] meta/b2__all6__r1 fresh fresh 9s cum=¥0.3
[gen] meta/b2__all6__r1 chain previous_response_id 13s cum=¥0.6
[gen] meta/b3__all6__r2 fresh fresh 8s cum=¥0.6
[gen] meta/b4__all6__r1 fresh fresh 9s cum=¥0.7
[gen] meta/b3__all6__r2 chain previous_response_id 13s cum=¥1.0
[gen] hormuz/b1__all6__r1 fresh fresh 10s cum=¥1.1
[gen] meta/b4__all6__r1 chain previous_response_id 19s cum=¥1.4
[gen] hormuz/b1__all6__r1 chain previous_response_id 15s cum=¥1.7
[gen] hormuz/b2__all6__r1 fresh fresh 11s cum=¥1.8
[gen] hormuz/b3__all6__r1 fresh fresh 8s cum=¥1.9
[gen] hormuz/b2__all6__r1 chain previous_response_id 14s cum=¥2.2
[gen] hormuz/b3__all6__r1 chain previous_response_id 10s cum=¥2.5
[gen] hormuz/b4__all6__r1 fresh fresh 8s cum=¥2.5
[gen] space_weapons/b1__all6__r1 fresh fresh 11s cum=¥2.7
[gen] hormuz/b4__all6__r1 chain previous_response_id 14s cum=¥2.9
[gen] space_weapons/b2__all6__r1 fresh fresh 10s cum=¥3.0
[gen] space_weapons/b1__all6__r1 chain previous_response_id 21s cum=¥3.5
[gen] space_weapons/b2__all6__r1 chain previous_response_id 18s cum=¥3.7
[gen] space_weapons/b3__all6__r2 fresh fresh 13s cum=¥3.9
[gen] space_weapons/b3__all6__r2 chain previous_response_id 16s cum=¥4.3
[gen] space_weapons/b4__all6__r2 fresh fresh 12s cum=¥4.4
[gen] space_weapons/b4__all6__r2 chain previous_response_id 16s cum=¥4.8
[fc] meta/b1__all6__r1 fresh LEDGER_COMPLIANT cum=¥4.9
[fc] meta/b1__all6__r1 chain LEDGER_DEVIATION cum=¥5.1
[fc] meta/b2__all6__r1 fresh LEDGER_COMPLIANT cum=¥5.2
[fc] meta/b2__all6__r1 chain LEDGER_COMPLIANT cum=¥5.4
[fc] meta/b3__all6__r2 fresh LEDGER_DEVIATION cum=¥5.6
[fc] meta/b4__all6__r1 fresh LEDGER_COMPLIANT cum=¥5.7
[fc] meta/b3__all6__r2 chain LEDGER_COMPLIANT cum=¥6.0
[fc] meta/b4__all6__r1 chain LEDGER_COMPLIANT cum=¥6.1
[fc] hormuz/b1__all6__r1 fresh LEDGER_COMPLIANT cum=¥6.2
[fc] hormuz/b1__all6__r1 chain LEDGER_COMPLIANT cum=¥6.3
[fc] hormuz/b2__all6__r1 chain LEDGER_COMPLIANT cum=¥6.5
[fc] hormuz/b2__all6__r1 fresh LEDGER_DEVIATION cum=¥6.7
[fc] hormuz/b3__all6__r1 chain LEDGER_COMPLIANT cum=¥6.9
[fc] hormuz/b3__all6__r1 fresh LEDGER_DEVIATION cum=¥7.1
[fc] hormuz/b4__all6__r1 fresh LEDGER_DEVIATION cum=¥7.4
[fc] hormuz/b4__all6__r1 chain LEDGER_DEVIATION cum=¥7.6
[fc] space_weapons/b1__all6__r1 chain LEDGER_COMPLIANT cum=¥7.8
[fc] space_weapons/b1__all6__r1 fresh LEDGER_COMPLIANT cum=¥8.1
[fc] space_weapons/b2__all6__r1 chain LEDGER_COMPLIANT cum=¥8.2
[fc] space_weapons/b2__all6__r1 fresh LEDGER_COMPLIANT cum=¥8.4
[fc] space_weapons/b3__all6__r2 fresh LEDGER_COMPLIANT cum=¥8.6
[fc] space_weapons/b3__all6__r2 chain LEDGER_DEVIATION cum=¥8.8
[fc] space_weapons/b4__all6__r2 chain LEDGER_COMPLIANT cum=¥9.0
[fc] space_weapons/b4__all6__r2 fresh LEDGER_DEVIATION cum=¥9.3
[fc] meta/b1__all6__r1 orig_r2 LEDGER_COMPLIANT cum=¥9.4
[fc] meta/b2__all6__r1 orig_r2 LEDGER_COMPLIANT cum=¥9.5
[fc] meta/b4__all6__r1 orig_r2 LEDGER_COMPLIANT cum=¥9.7
[fc] hormuz/b1__all6__r1 orig_r2 LEDGER_COMPLIANT cum=¥9.8
[fc] meta/b3__all6__r2 orig_r2 LEDGER_COMPLIANT cum=¥10.0
[fc] hormuz/b3__all6__r1 orig_r2 LEDGER_COMPLIANT cum=¥10.1
[fc] hormuz/b2__all6__r1 orig_r2 LEDGER_COMPLIANT cum=¥10.2
[fc] hormuz/b4__all6__r1 orig_r2 LEDGER_COMPLIANT cum=¥10.3
[fc] space_weapons/b1__all6__r1 orig_r2 LEDGER_COMPLIANT cum=¥10.5
[fc] space_weapons/b2__all6__r1 orig_r2 LEDGER_COMPLIANT cum=¥10.7
[fc] space_weapons/b3__all6__r2 orig_r2 LEDGER_COMPLIANT cum=¥11.0
[fc] space_weapons/b4__all6__r2 orig_r2 LEDGER_COMPLIANT cum=¥11.2
[pw] meta/b1__all6__r1 fresh o1 -> r3 cum=¥11.2
[pw] meta/b1__all6__r1 fresh o0 -> r2 cum=¥11.2
[pw] meta/b1__all6__r1 chain o0 -> r3 cum=¥11.3
[pw] meta/b1__all6__r1 chain o1 -> r3 cum=¥11.3
[pw] meta/b2__all6__r1 fresh o0 -> r3 cum=¥11.4
[pw] meta/b2__all6__r1 fresh o1 -> r3 cum=¥11.4
[pw] meta/b2__all6__r1 chain o1 -> r3 cum=¥11.4
[pw] meta/b2__all6__r1 chain o0 -> r2 cum=¥11.5
[pw] meta/b3__all6__r2 fresh o1 -> r3 cum=¥11.5
[pw] meta/b3__all6__r2 fresh o0 -> r3 cum=¥11.5
[pw] meta/b3__all6__r2 chain o1 -> r3 cum=¥11.6
[pw] meta/b3__all6__r2 chain o0 -> r3 cum=¥11.6
[pw] meta/b4__all6__r1 fresh o0 -> r2 cum=¥11.6
[pw] meta/b4__all6__r1 fresh o1 -> r3 cum=¥11.7
[pw] meta/b4__all6__r1 chain o0 -> r2 cum=¥11.7
[pw] hormuz/b1__all6__r1 fresh o0 -> r2 cum=¥11.7
[pw] meta/b4__all6__r1 chain o1 -> r3 cum=¥11.8
[pw] hormuz/b1__all6__r1 fresh o1 -> r3 cum=¥11.8
[pw] hormuz/b1__all6__r1 chain o0 -> r2 cum=¥11.8
[pw] hormuz/b1__all6__r1 chain o1 -> r3 cum=¥11.9
[pw] hormuz/b2__all6__r1 fresh o0 -> r2 cum=¥11.9
[pw] hormuz/b2__all6__r1 fresh o1 -> r3 cum=¥12.0
[pw] hormuz/b2__all6__r1 chain o0 -> r2 cum=¥12.0
[pw] hormuz/b2__all6__r1 chain o1 -> r3 cum=¥12.0
[pw] hormuz/b3__all6__r1 fresh o0 -> r2 cum=¥12.1
[pw] hormuz/b3__all6__r1 fresh o1 -> r3 cum=¥12.1
[pw] hormuz/b3__all6__r1 chain o1 -> r3 cum=¥12.1
[pw] hormuz/b3__all6__r1 chain o0 -> r2 cum=¥12.2
[pw] hormuz/b4__all6__r1 fresh o0 -> r2 cum=¥12.2
[pw] hormuz/b4__all6__r1 fresh o1 -> r3 cum=¥12.3
[pw] hormuz/b4__all6__r1 chain o0 -> r2 cum=¥12.3
[pw] hormuz/b4__all6__r1 chain o1 -> r2 cum=¥12.3
[pw] space_weapons/b1__all6__r1 fresh o0 -> r3 cum=¥12.4
[pw] space_weapons/b1__all6__r1 fresh o1 -> r3 cum=¥12.4
[pw] space_weapons/b1__all6__r1 chain o0 -> r3 cum=¥12.5
[pw] space_weapons/b1__all6__r1 chain o1 -> r3 cum=¥12.5
[pw] space_weapons/b2__all6__r1 fresh o0 -> r3 cum=¥12.6
[pw] space_weapons/b2__all6__r1 fresh o1 -> r3 cum=¥12.6
[pw] space_weapons/b2__all6__r1 chain o0 -> r2 cum=¥12.6
[pw] space_weapons/b2__all6__r1 chain o1 -> r3 cum=¥12.7
[pw] space_weapons/b3__all6__r2 fresh o0 -> r2 cum=¥12.7
[pw] space_weapons/b3__all6__r2 fresh o1 -> r3 cum=¥12.7
[pw] space_weapons/b3__all6__r2 chain o1 -> r3 cum=¥12.8
[pw] space_weapons/b3__all6__r2 chain o0 -> r2 cum=¥12.8
[pw] space_weapons/b4__all6__r2 fresh o0 -> r3 cum=¥12.9
[pw] space_weapons/b4__all6__r2 fresh o1 -> r3 cum=¥12.9
[pw] space_weapons/b4__all6__r2 chain o0 -> r2 cum=¥13.0
[pw] space_weapons/b4__all6__r2 chain o1 -> r3 cum=¥13.0
done cost 13.01
