[N3-01][pool_n9_tip_screens] B1B: writer呼び出し開始...
[N3-01][pool_n9_tip_screens] B1B: Evidence Compression(Lossless Editor)呼び出し開始...
[N3-01][pool_n9_tip_screens] B1B: Evidence Compression完了。response_id=resp_0f616e5e5d9e195c006a957305501c87d0aefc101262ac9b40
[N3-01][pool_n9_tip_screens] B1B: Point-Full Story重複QA開始(retry 0/2)...
[N3-01][pool_n9_tip_screens] B1B: Point-Full Story重複QA完了(overlapなし、記事全体retry 0回で解消)。
[N3-01][pool_n9_tip_screens] B1B: metrics={'word_count': 360, 'sentence_count': 26, 'avg_sentence_length': 14.0, 'max_sentence_length': 39} sections={'intro': 193, 'point_one': 56, 'point_two': 78, 'in_one_line': 33}
[N3-01][pool_n9_tip_screens] B1B: fact checker呼び出し開始...
[N3-01][pool_n9_tip_screens] B1B: fact_check status=FACT_CHECK_COMPLETED verdict=REVIEW_REQUIRED
[N3-01][pool_n9_tip_screens] B1B: ledger逸脱チェック開始(Hook-aware)...
[N3-01][pool_n9_tip_screens] B1B: deviation overall_status=LEDGER_COMPLIANT deviations=1
[N3-01][pool_n9_tip_screens] B1B: 比較方向Fact事前チェック(暫定、ER-008-DIRECTIONAL-FACT-PRECHECK-08)開始...
[N3-01][pool_n9_tip_screens] B1B: 比較方向Fact事前チェック完了。overall_status=DIRECTION_REVIEW_REQUIRED
[N3-01][pool_n9_tip_screens] A2: writer呼び出し開始...
[N3-01][pool_n9_tip_screens] A2: Evidence Compression(Lossless Editor)呼び出し開始...
[N3-01][pool_n9_tip_screens] A2: Evidence Compression完了。response_id=resp_09b6f66658caf14a006a9573d2ce5c87d09cf9fff55cd2f200
[N3-01][pool_n9_tip_screens] A2: Point-Full Story重複QA開始(retry 0/2)...
[N3-01][pool_n9_tip_screens] A2: Point-Full Story重複QA完了(overlapなし、記事全体retry 0回で解消)。
[N3-01][pool_n9_tip_screens] A2: metrics={'word_count': 386, 'sentence_count': 29, 'avg_sentence_length': 13.5, 'max_sentence_length': 37} sections={'intro': 244, 'point_one': 61, 'point_two': 59, 'in_one_line': 22}
[N3-01][pool_n9_tip_screens] A2: fact checker呼び出し開始...
[N3-01][pool_n9_tip_screens] A2: fact_check status=FACT_CHECK_COMPLETED verdict=REVIEW_REQUIRED
[N3-01][pool_n9_tip_screens] A2: ledger逸脱チェック開始(Hook-aware)...
[N3-01][pool_n9_tip_screens] A2: deviation overall_status=LEDGER_DEVIATION deviations=3
[N3-01][pool_n9_tip_screens] A2: Local Rewrite cycle 1/3 - Ledger MAJOR 1件を検出(1件は前cycleまでに未出現の新規MAJOR)。局所Rewrite開始...
[N3-01][pool_n9_tip_screens] A2: cycle 1 NG item 1: resolved=True human_review=False attempts=1
[N3-01][pool_n9_tip_screens] A2: cycle 1 Local Rewrite後、Ledger全体を再判定...
[N3-01][pool_n9_tip_screens] A2: cycle 1 再判定 overall_status=LEDGER_COMPLIANT MAJOR=0件
[N3-01][pool_n9_tip_screens] A2: 比較方向Fact事前チェック(暫定、ER-008-DIRECTIONAL-FACT-PRECHECK-08)開始...
[N3-01][pool_n9_tip_screens] A2: 比較方向Fact事前チェック完了。overall_status=DIRECTION_REVIEW_REQUIRED
[pool_n9_tip_screens] Writer完了。timing={'writer_b1': 211.24, 'writer_a2': 255.2}
  B1B: status=OK fact_verdict=REVIEW_REQUIRED ledger_status=LEDGER_COMPLIANT
  A2: status=OK fact_verdict=REVIEW_REQUIRED ledger_status=LEDGER_COMPLIANT
  B1B: status=OK fact_verdict=REVIEW_REQUIRED ledger_status=LEDGER_COMPLIANT ledger_deviation_count=1 local_rewrite_cycles=0 cycle_exhausted=False
  A2: status=OK fact_verdict=REVIEW_REQUIRED ledger_status=LEDGER_COMPLIANT ledger_deviation_count=0 local_rewrite_cycles=1 cycle_exhausted=False
