{"pattern": "A_onepass", "slug": "meta", "returncode": 0, "sec": 104.2, "stdout": "{\"pattern\": \"A_onepass\", \"two_stage\": false, \"fact_count\": 15, \"calls\": 1, \"cost_jpy\": 1.7384, \"attached_count\": 3, \"dry_run\": false}", "stderr": "", "dry_run": false}
{"pattern": "A_onepass", "slug": "hormuz", "returncode": 0, "sec": 222.8, "stdout": "{\"pattern\": \"A_onepass\", \"two_stage\": false, \"fact_count\": 12, \"calls\": 1, \"cost_jpy\": 3.5873, \"attached_count\": 8, \"dry_run\": false}", "stderr": "", "dry_run": false}
{"pattern": "A_onepass", "slug": "space_weapons", "returncode": 0, "sec": 174.6, "stdout": "{\"pattern\": \"A_onepass\", \"two_stage\": false, \"fact_count\": 22, \"calls\": 1, \"cost_jpy\": 3.0481, \"attached_count\": 16, \"dry_run\": false}", "stderr": "", "dry_run": false}
{"pattern": "A_onepass", "slug": "sewer", "returncode": 0, "sec": 194.1, "stdout": "{\"pattern\": \"A_onepass\", \"two_stage\": false, \"fact_count\": 20, \"calls\": 1, \"cost_jpy\": 3.3905, \"attached_count\": 5, \"dry_run\": false}", "stderr": "", "dry_run": false}
{"pattern": "A_onepass", "slug": "ai_control", "returncode": 0, "sec": 126.2, "stdout": "{\"pattern\": \"A_onepass\", \"two_stage\": false, \"fact_count\": 16, \"calls\": 1, \"cost_jpy\": 2.2292, \"attached_count\": 3, \"dry_run\": false}", "stderr": "", "dry_run": false}
{"pattern": "A_onepass", "slug": "A02", "returncode": 0, "sec": 187.6, "stdout": "{\"pattern\": \"A_onepass\", \"two_stage\": false, \"fact_count\": 19, \"calls\": 1, \"cost_jpy\": 3.2742, \"attached_count\": 9, \"dry_run\": false}", "stderr": "", "dry_run": false}
{"pattern": "A_onepass", "slug": "small_bag", "returncode": 0, "sec": 168.3, "stdout": "{\"pattern\": \"A_onepass\", \"two_stage\": false, \"fact_count\": 17, \"calls\": 1, \"cost_jpy\": 2.8984, \"attached_count\": 10, \"dry_run\": false}", "stderr": "", "dry_run": false}
{"pattern": "B_twostage", "slug": "meta", "returncode": 0, "sec": 180.1, "stdout": "{\"pattern\": \"B_twostage\", \"two_stage\": true, \"fact_count\": 15, \"calls\": 2, \"cost_jpy\": 3.138, \"attached_count\": 3, \"dry_run\": false}", "stderr": "", "dry_run": false}
{"pattern": "B_twostage", "slug": "hormuz", "returncode": 0, "sec": 275.7, "stdout": "{\"pattern\": \"B_twostage\", \"two_stage\": true, \"fact_count\": 12, \"calls\": 2, \"cost_jpy\": 4.9564, \"attached_count\": 11, \"dry_run\": false}", "stderr": "", "dry_run": false}
{"pattern": "B_twostage", "slug": "space_weapons", "returncode": 0, "sec": 252.6, "stdout": "{\"pattern\": \"B_twostage\", \"two_stage\": true, \"fact_count\": 22, \"calls\": 2, \"cost_jpy\": 4.6239, \"attached_count\": 0, \"dry_run\": false}", "stderr": "", "dry_run": false}
{"pattern": "B_twostage", "slug": "sewer", "returncode": 0, "sec": 244.4, "stdout": "{\"pattern\": \"B_twostage\", \"two_stage\": true, \"fact_count\": 20, \"calls\": 2, \"cost_jpy\": 4.4673, \"attached_count\": 5, \"dry_run\": false}", "stderr": "", "dry_run": false}
{"pattern": "B_twostage", "slug": "ai_control", "returncode": 0, "sec": 416.4, "stdout": "{\"pattern\": \"B_twostage\", \"two_stage\": true, \"fact_count\": 16, \"calls\": 2, \"cost_jpy\": 5.2788, \"attached_count\": 0, \"dry_run\": false}", "stderr": "", "dry_run": false}
{"pattern": "B_twostage", "slug": "A02", "returncode": 0, "sec": 229.7, "stdout": "{\"pattern\": \"B_twostage\", \"two_stage\": true, \"fact_count\": 19, \"calls\": 2, \"cost_jpy\": 4.350099999999999, \"attached_count\": 10, \"dry_run\": false}", "stderr": "", "dry_run": false}
{"pattern": "B_twostage", "slug": "small_bag", "returncode": 0, "sec": 61.0, "stdout": "{\"pattern\": \"B_twostage\", \"two_stage\": true, \"fact_count\": 17, \"calls\": 1, \"cost_jpy\": 1.073, \"attached_count\": 0, \"dry_run\": false}", "stderr": "", "dry_run": false}
{"pattern": "C_promote", "slug": "meta", "returncode": 0, "sec": 92.6, "stdout": "{\"pattern\": \"C_promote\", \"two_stage\": false, \"fact_count\": 15, \"calls\": 1, \"cost_jpy\": 1.7632, \"attached_count\": 2, \"dry_run\": false}", "stderr": "", "dry_run": false}
{"pattern": "C_promote", "slug": "hormuz", "returncode": 0, "sec": 95.7, "stdout": "{\"pattern\": \"C_promote\", \"two_stage\": false, \"fact_count\": 12, \"calls\": 1, \"cost_jpy\": 1.7898, \"attached_count\": 8, \"dry_run\": false}", "stderr": "", "dry_run": false}
{"pattern": "C_promote", "slug": "space_weapons", "returncode": 0, "sec": 121.6, "stdout": "{\"pattern\": \"C_promote\", \"two_stage\": false, \"fact_count\": 22, \"calls\": 1, \"cost_jpy\": 2.4088, \"attached_count\": 13, \"dry_run\": false}", "stderr": "", "dry_run": false}
{"pattern": "C_promote", "slug": "sewer", "returncode": 0, "sec": 103.5, "stdout": "{\"pattern\": \"C_promote\", \"two_stage\": false, \"fact_count\": 20, \"calls\": 1, \"cost_jpy\": 2.0877, \"attached_count\": 5, \"dry_run\": false}", "stderr": "", "dry_run": false}
{"pattern": "C_promote", "slug": "ai_control", "returncode": 0, "sec": 110.6, "stdout": "{\"pattern\": \"C_promote\", \"two_stage\": false, \"fact_count\": 16, \"calls\": 1, \"cost_jpy\": 2.1926, \"attached_count\": 9, \"dry_run\": false}", "stderr": "", "dry_run": false}
{"pattern": "C_promote", "slug": "A02", "returncode": 0, "sec": 166.1, "stdout": "{\"pattern\": \"C_promote\", \"two_stage\": false, \"fact_count\": 19, \"calls\": 1, \"cost_jpy\": 3.2958, \"attached_count\": 13, \"dry_run\": false}", "stderr": "", "dry_run": false}
{"pattern": "C_promote", "slug": "small_bag", "returncode": 0, "sec": 80.7, "stdout": "{\"pattern\": \"C_promote\", \"two_stage\": false, \"fact_count\": 17, \"calls\": 1, \"cost_jpy\": 1.4856, \"attached_count\": 1, \"dry_run\": false}", "stderr": "", "dry_run": false}
