ART_all6_writer_redesign_necessity_01__runs__hormuz__control__b1__all6__r1 ok spend 10.264
ART_all6_writer_redesign_necessity_01__runs__hormuz__control__b1__all6__r2 ok spend 10.462
ART_all6_writer_redesign_necessity_01__runs__hormuz__control__b2__all6__r1 ok spend 10.646
ART_all6_writer_redesign_necessity_01__runs__hormuz__control__b1__baseline__r2 ok spend 12.222
ART_all6_writer_redesign_necessity_01__runs__hormuz__control__b2__baseline__r1 ok spend 12.501
ART_all6_writer_redesign_necessity_01__runs__hormuz__control__b2__baseline__r2 ok spend 12.76
ART_all6_writer_redesign_necessity_01__runs__hormuz__control__b3__all6__r2 ok spend 13.024
ART_all6_writer_redesign_necessity_01__runs__hormuz__control__b3__baseline__r2 ok spend 13.383
ART_all6_writer_redesign_necessity_01__runs__hormuz__control__b3__all6__r1 ok spend 13.861
ART_all6_writer_redesign_necessity_01__runs__hormuz__control__b4__all6__r1 ok spend 14.083
ART_all6_writer_redesign_necessity_01__runs__hormuz__control__b4__baseline__r1 ok spend 14.243
ART_all6_writer_redesign_necessity_01__runs__hormuz__control__b4__all6__r2 ok spend 14.506
ART_all6_writer_redesign_necessity_01__runs__hormuz__control__b4__baseline__r2 ok spend 14.762
ART_all6_writer_redesign_necessity_01__runs__meta__control__b1__all6__r1 ok spend 14.976
ART_all6_writer_redesign_necessity_01__runs__meta__control__b1__all6__r2 ok spend 15.271
ART_all6_writer_redesign_necessity_01__runs__meta__control__b1__baseline__r2 ok spend 15.571
ART_all6_writer_redesign_necessity_01__runs__meta__control__b1__baseline__r1 ok spend 17.065
ART_all6_writer_redesign_necessity_01__runs__meta__control__b2__all6__r1 ok spend 18.415
ART_all6_writer_redesign_necessity_01__runs__meta__control__b2__baseline__r1 ok spend 18.693
ART_all6_writer_redesign_necessity_01__runs__meta__control__b2__baseline__r2 ok spend 18.87
ART_all6_writer_redesign_necessity_01__runs__meta__control__b3__all6__r2 ok spend 19.145
ART_all6_writer_redesign_necessity_01__runs__meta__control__b3__baseline__r2 ok spend 19.437
ART_all6_writer_redesign_necessity_01__runs__meta__control__b4__all6__r1 ok spend 19.633
ART_all6_writer_redesign_necessity_01__runs__meta__control__b3__baseline__r1 ok spend 19.951
ART_all6_writer_redesign_necessity_01__runs__meta__control__b4__all6__r2 ok spend 20.112
ART_all6_writer_redesign_necessity_01__runs__space_weapons__control__b1__all6__r1 ok spend 20.334
ART_all6_writer_redesign_necessity_01__runs__space_weapons__control__b1__all6__r2 ok spend 20.588
ART_all6_writer_redesign_necessity_01__runs__meta__control__b4__baseline__r1 ok spend 20.904
ART_all6_writer_redesign_necessity_01__runs__space_weapons__control__b2__all6__r1 ok spend 22.788
ART_all6_writer_redesign_necessity_01__runs__space_weapons__control__b1__baseline__r2 ok spend 23.197
ART_all6_writer_redesign_necessity_01__runs__space_weapons__control__b1__baseline__r1 ok spend 25.039
ART_all6_writer_redesign_necessity_01__runs__space_weapons__control__b2__all6__r2 ok spend 25.332
ART_all6_writer_redesign_necessity_01__runs__space_weapons__control__b2__baseline__r1 ok spend 25.654
ART_all6_writer_redesign_necessity_01__runs__space_weapons__control__b3__baseline__r1 ok spend 27.371
ART_all6_writer_redesign_necessity_01__runs__space_weapons__control__b3__all6__r2 ok spend 27.803
ART_all6_writer_redesign_necessity_01__runs__space_weapons__control__b4__all6__r2 ok spend 27.969
ART_all6_writer_redesign_necessity_01__runs__space_weapons__control__b2__baseline__r2 ok spend 28.623
ART_all6_writer_redesign_necessity_01__runs__space_weapons__control__b4__baseline__r1 ok spend 28.914
ART_all6_writer_redesign_necessity_01__runs__space_weapons__control__b3__baseline__r2 ok spend 29.328
ART_factlock_writer_trial_01__runs__hormuz__control__b1__factlock__r1 ok spend 29.458
ART_factlock_writer_trial_01__runs__hormuz__control__b2__factlock__r1 ok spend 29.582
ART_all6_writer_redesign_necessity_01__runs__space_weapons__control__b4__baseline__r2 ok spend 29.809
ART_factlock_writer_trial_01__runs__hormuz__control__b3__factlock__r2 ok spend 31.288
ART_factlock_writer_trial_01__runs__hormuz__control__b2__factlock__r2 ok spend 31.478
ART_factlock_writer_trial_01__runs__hormuz__control__b3__factlock__r1 ok spend 31.671
ART_factlock_writer_trial_01__runs__hormuz__control__b4__factlock__r1 ok spend 31.797
ART_factlock_writer_trial_01__runs__hormuz__control__b4__factlock__r2 ok spend 31.919
ART_factlock_writer_trial_01__runs__meta__control__b2__factlock__r1 ok spend 33.283
ART_factlock_writer_trial_01__runs__meta__control__b2__factlock__r2 ok spend 34.736
ART_factlock_writer_trial_01__runs__meta__control__b3__factlock__r2 ok spend 34.881
ART_factlock_writer_trial_01__runs__space_weapons__control__b1__factlock__r1 ok spend 35.064
ART_factlock_writer_trial_01__runs__space_weapons__control__b1__factlock__r2 ok spend 35.25
ART_factlock_writer_trial_01__runs__meta__control__b3__factlock__r1 ok spend 35.551
ART_factlock_writer_trial_01__runs__meta__control__b4__factlock__r2 ok spend 35.806
ART_factlock_writer_trial_01__runs__space_weapons__control__b2__factlock__r1 ok spend 36.008
ART_factlock_writer_trial_01__runs__space_weapons__control__b3__factlock__r1 ok spend 36.196
ART_factlock_writer_trial_01__runs__space_weapons__control__b3__factlock__r2 ok spend 36.359
ART_factlock_writer_trial_01__runs__space_weapons__control__b2__factlock__r2 ok spend 36.602
TOL_G02_users ok spend 36.76
ART_factlock_writer_trial_01__runs__space_weapons__control__b4__factlock__r1 ok spend 37.019
TOL_G06_oil ok spend 37.276
TOLX_G07_users ok spend 37.49
TOL_G09_so ok spend 37.876
TOLX_G12_users ok spend 38.078
TOTAL SPEND JPY 38.078
