ART_all6_writer_redesign_necessity_01__runs__hormuz__control__b1__all6__r2 skip spend 52.255
ART_all6_writer_redesign_necessity_01__runs__hormuz__control__b3__all6__r2 ok spend 52.396
ART_all6_writer_redesign_necessity_01__runs__hormuz__control__b4__baseline__r1 ok spend 52.729
ART_all6_writer_redesign_necessity_01__runs__hormuz__control__b2__all6__r1 ok spend 53.045
ART_all6_writer_redesign_necessity_01__runs__meta__control__b2__all6__r1 ok spend 53.241
ART_all6_writer_redesign_necessity_01__runs__meta__control__b1__all6__r1 ok spend 53.656
ART_all6_writer_redesign_necessity_01__runs__space_weapons__control__b2__all6__r2 ok spend 53.976
ART_all6_writer_redesign_necessity_01__runs__space_weapons__control__b1__baseline__r2 ok spend 54.337
ART_all6_writer_redesign_necessity_01__runs__space_weapons__control__b4__all6__r2 ok spend 54.551
ART_all6_writer_redesign_necessity_01__runs__meta__control__b3__baseline__r2 ok spend 55.041
ART_all6_writer_redesign_necessity_01__runs__space_weapons__control__b3__baseline__r1 ok spend 55.27
ART_factlock_writer_trial_01__runs__hormuz__control__b2__factlock__r1 ok spend 55.385
ART_factlock_writer_trial_01__runs__hormuz__control__b4__factlock__r2 ok spend 55.506
ART_factlock_writer_trial_01__runs__hormuz__control__b3__factlock__r2 ok spend 55.651
ART_factlock_writer_trial_01__runs__meta__control__b2__factlock__r2 ok spend 55.769
ART_factlock_writer_trial_01__runs__space_weapons__control__b1__factlock__r1 ok spend 55.943
ART_all6_writer_redesign_necessity_01__runs__space_weapons__control__b4__baseline__r2 ok spend 56.209
ART_factlock_writer_trial_01__runs__space_weapons__control__b2__factlock__r1 ok spend 56.407
ART_factlock_writer_trial_01__runs__space_weapons__control__b3__factlock__r1 ok spend 56.588
ART_factlock_writer_trial_01__runs__space_weapons__control__b4__factlock__r1 ok spend 56.849
TOTAL SPEND JPY 56.849
