ART_all6_writer_redesign_necessity_01__runs__hormuz__control__b1__all6__r1 skip spend 42.345
ART_all6_writer_redesign_necessity_01__runs__hormuz__control__b2__baseline__r1 skip spend 42.345
ART_all6_writer_redesign_necessity_01__runs__hormuz__control__b3__all6__r1 skip spend 42.345
ART_all6_writer_redesign_necessity_01__runs__meta__control__b1__all6__r2 ok spend 42.934
ART_all6_writer_redesign_necessity_01__runs__meta__control__b1__baseline__r2 ok spend 43.418
ART_all6_writer_redesign_necessity_01__runs__hormuz__control__b3__baseline__r2 ok spend 43.623
ART_all6_writer_redesign_necessity_01__runs__meta__control__b2__baseline__r1 ok spend 44.301
ART_all6_writer_redesign_necessity_01__runs__hormuz__control__b4__all6__r1 ok spend 45.485
ART_all6_writer_redesign_necessity_01__runs__meta__control__b3__all6__r2 ok spend 46.082
ART_all6_writer_redesign_necessity_01__runs__meta__control__b4__all6__r1 ok spend 46.246
ART_all6_writer_redesign_necessity_01__runs__meta__control__b3__baseline__r1 ok spend 46.911
ART_all6_writer_redesign_necessity_01__runs__space_weapons__control__b1__all6__r1 ok spend 47.313
ART_all6_writer_redesign_necessity_01__runs__space_weapons__control__b1__all6__r2 ok spend 47.54
ART_all6_writer_redesign_necessity_01__runs__meta__control__b4__baseline__r1 ok spend 47.88
ART_all6_writer_redesign_necessity_01__runs__space_weapons__control__b3__all6__r2 ok spend 49.222
ART_all6_writer_redesign_necessity_01__runs__space_weapons__control__b1__baseline__r1 ok spend 49.753
ART_all6_writer_redesign_necessity_01__runs__space_weapons__control__b2__baseline__r2 ok spend 50.262
ART_factlock_writer_trial_01__runs__hormuz__control__b3__factlock__r1 ok spend 51.66
ART_factlock_writer_trial_01__runs__meta__control__b3__factlock__r1 ok spend 51.968
ART_factlock_writer_trial_01__runs__meta__control__b3__factlock__r2 ok spend 52.255
TOTAL SPEND JPY 52.255
