[ER-009-N1] 同期TTSモードへ切替済み(Batch APIは使用しない、ユーザー指示によるNo.9限定)
[N3-TTS][pool_n9_tip_screens/b1b] topic_intro生成(Charon)...
[N3-TTS][pool_n9_tip_screens/b1b] preview生成(Charon)...
[N3-TTS][pool_n9_tip_screens/b1b] comment_1生成(Charon)...
[N3-TTS][pool_n9_tip_screens/b1b] comment_2生成(Charon)...
[N3-TTS][pool_n9_tip_screens/b1b] comment_3生成(Charon)...
[N3-TTS][pool_n9_tip_screens/b1b] comment_4生成(Charon)...
[N3-TTS][pool_n9_tip_screens/b1b] point_one_heading生成(Aoede、semantic heading)...
    attempt 1 (english_style_prefix): asr='The old tip jar worked differently.' classification=NORMALIZED_MATCH length_ok=True
[N3-TTS][pool_n9_tip_screens/b1b] point_two_heading生成(Aoede、semantic heading)...
    attempt 1 (english_style_prefix): asr='The pushback is becoming visible.' classification=NORMALIZED_MATCH length_ok=True
[N3-TTS][pool_n9_tip_screens/b1b] full_story_part1生成(Aoede、News本文)...
[N3-TTS][pool_n9_tip_screens/b1b] full_story_part2生成(Aoede、News本文)...
[N3-TTS][pool_n9_tip_screens/b1b] point_one生成(Aoede、News本文)...
[N3-TTS][pool_n9_tip_screens/b1b] point_two生成(Aoede、News本文)...
[N3-TTS][pool_n9_tip_screens/b1b] in_one_line生成(Aoede、News本文)...
[N3-TTS][pool_n9_tip_screens/b1b] Key Phrase 1 英語Component生成(Aoede、Master Audio Store経由): 'guilt tipping'...
[N3-TTS][pool_n9_tip_screens/b1b] Key Phrase 1 日本語meaning生成(Charon、reading-safety): '罪悪感からのチップ／罪悪感を利用したチップ'...
[N3-TTS][pool_n9_tip_screens/b1b] Key Phrase 2 英語Component生成(Aoede、Master Audio Store経由): 'default tip menu'...
[N3-TTS][pool_n9_tip_screens/b1b] Key Phrase 2 日本語meaning生成(Charon、reading-safety): '初期表示のチップ選択肢'...
[N3-TTS][pool_n9_tip_screens/b1b] Key Phrase 3 英語Component生成(Aoede、Master Audio Store経由): 'pushback'...
[N3-TTS][pool_n9_tip_screens/b1b] Key Phrase 3 日本語meaning生成(Charon、reading-safety): '反発／反発の動き'...
[N3-TTS][pool_n9_tip_screens/b1b] Key Phrase 4 英語Component生成(Aoede、Master Audio Store経由): 'leave no tip at all'...
[N3-TTS][pool_n9_tip_screens/b1b] Key Phrase 4 日本語meaning生成(Charon、reading-safety): 'チップをまったく残さない'...
[N3-TTS][pool_n9_tip_screens/b1b] Key Phrase 5 英語Component生成(Aoede、Master Audio Store経由): 'bring in more money'...
[N3-TTS][pool_n9_tip_screens/b1b] Key Phrase 5 日本語meaning生成(Charon、reading-safety): 'より多くの収入をもたらす'...
[N3-TTS][pool_n9_tip_screens/b1b] 完了。segment_status={'topic_intro': 'OK', 'preview': 'OK', 'comment_1': 'OK', 'comment_2': 'OK', 'comment_3': 'OK', 'comment_4': 'OK', 'point_one_heading': 'OK', 'point_two_heading': 'OK', 'full_story_part1': 'OK', 'full_story_part2': 'OK', 'point_one': 'OK', 'point_two': 'STOPPED', 'in_one_line': 'OK'} kp_status={1: {'en': 'OK', 'ja': 'OK'}, 2: {'en': 'OK', 'ja': 'OK'}, 3: {'en': 'OK', 'ja': 'OK'}, 4: {'en': 'OK', 'ja': 'OK'}, 5: {'en': 'OK', 'ja': 'OK'}}
[N3-TTS][pool_n9_tip_screens/a2] topic_intro生成(Aoede、A2既存単一Voice)...
[N3-TTS][pool_n9_tip_screens/a2] japanese_title生成: '会計画面がいつも「多め」のチップを提案してくる理由'...
[N3-TTS][pool_n9_tip_screens/a2] preview生成(日本語)...
[N3-TTS][pool_n9_tip_screens/a2] comment_1生成(日本語)...
[N3-TTS][pool_n9_tip_screens/a2] comment_2生成(日本語)...
[N3-TTS][pool_n9_tip_screens/a2] comment_3生成(日本語)...
[N3-TTS][pool_n9_tip_screens/a2] comment_4生成(日本語)...
[N3-TTS][pool_n9_tip_screens/a2] point_one_heading生成(英語、semantic heading、わずかに遅く+6%減速)...
[N3-TTS][pool_n9_tip_screens/a2] point_two_heading生成(英語、semantic heading、わずかに遅く+6%減速)...
[N3-TTS][pool_n9_tip_screens/a2] full_story_part1生成(英語News本文、わずかに遅く+6%減速)...
[N3-TTS][pool_n9_tip_screens/a2] full_story_part2生成(英語News本文、わずかに遅く+6%減速)...
[N3-TTS][pool_n9_tip_screens/a2] point_one生成(英語News本文、わずかに遅く+6%減速)...
[N3-TTS][pool_n9_tip_screens/a2] point_two生成(英語News本文、わずかに遅く+6%減速)...
[N3-TTS][pool_n9_tip_screens/a2] in_one_line生成(英語News本文、わずかに遅く+6%減速)...
[N3-TTS][pool_n9_tip_screens/a2] Key Phrase 1 英語Component生成(Aoede、Master Audio Store経由): 'guilt tipping'...
[N3-TTS][pool_n9_tip_screens/a2] meaning_1生成(日本語): '罪悪感からするチップ'...
[N3-TTS][pool_n9_tip_screens/a2] Key Phrase 2 英語Component生成(Aoede、Master Audio Store経由): 'default'...
[N3-TTS][pool_n9_tip_screens/a2] meaning_2生成(日本語): '初期設定の選択肢'...
[N3-TTS][pool_n9_tip_screens/a2] Key Phrase 3 英語Component生成(Aoede、Master Audio Store経由): 'push back'...
[N3-TTS][pool_n9_tip_screens/a2] meaning_3生成(日本語): '反発する、抵抗する'...
[N3-TTS][pool_n9_tip_screens/a2] Key Phrase 4 英語Component生成(Aoede、Master Audio Store経由): 'a catch'...
[N3-TTS][pool_n9_tip_screens/a2] meaning_4生成(日本語): '落とし穴、ただし書き'...
[N3-TTS][pool_n9_tip_screens/a2] Key Phrase 5 英語Component生成(Aoede、Master Audio Store経由): 'starting point'...
[N3-TTS][pool_n9_tip_screens/a2] meaning_5生成(日本語): '判断の出発点、基準'...
[N3-TTS][pool_n9_tip_screens/a2] 完了。segment_status={'topic_intro': 'OK', 'japanese_title': 'OK', 'preview': 'OK', 'comment_1': 'OK', 'comment_2': 'OK', 'comment_3': 'OK', 'comment_4': 'OK', 'point_one_heading': 'OK', 'point_two_heading': 'OK', 'full_story_part1': 'OK', 'full_story_part2': 'OK', 'point_one': 'OK', 'point_two': 'STOPPED', 'in_one_line': 'OK'} kp_status={1: {'en': 'OK', 'ja': 'OK'}, 2: {'en': 'STOPPED', 'ja': 'OK'}, 3: {'en': 'OK', 'ja': 'OK'}, 4: {'en': 'OK', 'ja': 'OK'}, 5: {'en': 'OK', 'ja': 'OK'}}
[ER-009-N1] Batch TTSモードへ復元済み
Traceback (most recent call last):
  File "C:\Users\tensh\eigo-radio\er009_n1_production_integration_01.py", line 215, in <module>
    run_audio_stage()
    ~~~~~~~~~~~~~~~^^
  File "C:\Users\tensh\eigo-radio\er009_n1_production_integration_01.py", line 185, in run_audio_stage
    b1_assemble_summary = asm.stage_assemble_b1(theme)
  File "C:\Users\tensh\eigo-radio\er003_v1_n3_01_assemble.py", line 695, in stage_assemble_b1
    sources = load_b1_sources(theme)
  File "C:\Users\tensh\eigo-radio\er003_v1_n3_01_assemble.py", line 286, in load_b1_sources
    verify_episode_audio_validation_gate(out_dir, "B1")
    ~~~~~~~~~~~~~~~~~~~~~~~~~~~~~~~~~~~~^^^^^^^^^^^^^^^
  File "C:\Users\tensh\eigo-radio\er003_v1_n3_01_assemble.py", line 262, in verify_episode_audio_validation_gate
    raise RuntimeError(
    ...<7 lines>...
        "適用してから再度assemblyを実行してください。")
RuntimeError: EPISODE_BLOCKED_BY_AUDIO_VALIDATION: B1のepisode assemblyを中止しました。以下のsegmentが今回のrunでVALIDATED/HUMAN_APPROVED状態ではありません、または必須post-processのevidenceがありません: ['point_two=STOPPED']。未検証・stale・STOPPEDの音声、または6% slowdown等の必須post-processを経ていない音声をそのまま完成扱いにすることは許可されていません(ER-008-AUDIO-VALIDATION-GATE-AND-EVIDENCE-MAJOR-AUDIT-05、ER-008-N8-PRODUCTION-WIRING-AND-FOLLOWUP-19)。該当segmentを再生成するか、post-processを適用してから再度assemblyを実行してください。
