start
loaded inputs
built prompt, calling run_one_pattern...
[N3-01][pool_n9_tip_screens] B1B: writer呼び出し開始...
[N3-01][pool_n9_tip_screens] B1B: Evidence Compression(Lossless Editor)呼び出し開始...
[N3-01][pool_n9_tip_screens] B1B: Evidence Compression完了。response_id=resp_01fdaff3ae971fe9006a962d0bbc3087d08b7a36c9d766560a
[N3-01][pool_n9_tip_screens] B1B: Point-Full Story重複QA開始(retry 0/2)...
[N3-01][pool_n9_tip_screens] B1B: Point overlap NG。Diagnostic Full Retry により、診断情報を含む prompt で全文再生成します(article retry 1/2)...
[N3-01][pool_n9_tip_screens] B1B: writer呼び出し開始...
[N3-01][pool_n9_tip_screens] B1B: Evidence Compression(Lossless Editor)呼び出し開始...
[N3-01][pool_n9_tip_screens] B1B: Evidence Compression完了。response_id=resp_0d0095a3ac202ef1006a962d2f690087d08a9f6f7ade6676f6
[N3-01][pool_n9_tip_screens] B1B: Point-Full Story重複QA開始(retry 1/2)...
[N3-01][pool_n9_tip_screens] B1B: Point overlap NG。Diagnostic Full Retry により、診断情報を含む prompt で全文再生成します(article retry 2/2)...
[N3-01][pool_n9_tip_screens] B1B: writer呼び出し開始...
[N3-01][pool_n9_tip_screens] B1B: Evidence Compression(Lossless Editor)呼び出し開始...
[N3-01][pool_n9_tip_screens] B1B: Evidence Compression完了。response_id=resp_0d55ef856283f1bd006a962d89e18c87d09207b3c7ef4638fe
[N3-01][pool_n9_tip_screens] B1B: Point-Full Story重複QA開始(retry 2/2)...
[N3-01][pool_n9_tip_screens] B1B: Point-Full Story重複QA完了(overlapなし、記事全体retry 2回で解消)。
[N3-01][pool_n9_tip_screens] B1B: metrics={'word_count': 370, 'sentence_count': 27, 'avg_sentence_length': 14.0, 'max_sentence_length': 40} sections={'intro': 228, 'point_one': 55, 'point_two': 53, 'in_one_line': 34}
[N3-01][pool_n9_tip_screens] B1B: fact checker呼び出し開始...
[N3-01][pool_n9_tip_screens] B1B: fact_check status=FACT_CHECK_COMPLETED verdict=REVIEW_REQUIRED
[N3-01][pool_n9_tip_screens] B1B: ledger逸脱チェック開始(Hook-aware)...
[N3-01][pool_n9_tip_screens] B1B: deviation overall_status=LEDGER_DEVIATION deviations=2
[N3-01][pool_n9_tip_screens] B1B: Local Rewrite cycle 1/3 - Ledger MAJOR 1件を検出(1件は前cycleまでに未出現の新規MAJOR)。局所Rewrite開始...
[N3-01][pool_n9_tip_screens] B1B: cycle 1 NG item 1: resolved=True human_review=False attempts=1
[N3-01][pool_n9_tip_screens] B1B: cycle 1 Local Rewrite後、Ledger全体を再判定...
[N3-01][pool_n9_tip_screens] B1B: cycle 1 再判定 overall_status=LEDGER_COMPLIANT MAJOR=0件
[N3-01][pool_n9_tip_screens] B1B: 比較方向Fact事前チェック(暫定、ER-008-DIRECTIONAL-FACT-PRECHECK-08)開始...
[N3-01][pool_n9_tip_screens] B1B: 比較方向Fact事前チェック完了。overall_status=DIRECTION_REVIEW_REQUIRED
DONE elapsed=383.2s status=OK fact_verdict=REVIEW_REQUIRED ledger_status=LEDGER_COMPLIANT
