start
loaded inputs
built prompt, calling run_one_pattern...
[N3-01][pool_n9_tip_screens] A2: writer呼び出し開始...
[N3-01][pool_n9_tip_screens] A2: Evidence Compression(Lossless Editor)呼び出し開始...
[N3-01][pool_n9_tip_screens] A2: Evidence Compression完了。response_id=resp_049b5f6cb3cd8421006a962ea1e97487d0bd7f07c06edbb075
[N3-01][pool_n9_tip_screens] A2: Point-Full Story重複QA開始(retry 0/2)...
[N3-01][pool_n9_tip_screens] A2: Point-Full Story重複QA完了(overlapなし、記事全体retry 0回で解消)。
[N3-01][pool_n9_tip_screens] A2: metrics={'word_count': 380, 'sentence_count': 29, 'avg_sentence_length': 13.1, 'max_sentence_length': 32} sections={'intro': 190, 'point_one': 78, 'point_two': 80, 'in_one_line': 32}
[N3-01][pool_n9_tip_screens] A2: fact checker呼び出し開始...
[N3-01][pool_n9_tip_screens] A2: fact_check status=FACT_CHECK_COMPLETED verdict=REVIEW_REQUIRED
[N3-01][pool_n9_tip_screens] A2: ledger逸脱チェック開始(Hook-aware)...
[N3-01][pool_n9_tip_screens] A2: deviation overall_status=LEDGER_DEVIATION deviations=3
[N3-01][pool_n9_tip_screens] A2: Local Rewrite cycle 1/3 - Ledger MAJOR 2件を検出(2件は前cycleまでに未出現の新規MAJOR)。局所Rewrite開始...
[N3-01][pool_n9_tip_screens] A2: cycle 1 NG item 1: resolved=True human_review=False attempts=1
[N3-01][pool_n9_tip_screens] A2: cycle 1 NG item 2: resolved=True human_review=False attempts=1
[N3-01][pool_n9_tip_screens] A2: cycle 1 Local Rewrite後、Ledger全体を再判定...
[N3-01][pool_n9_tip_screens] A2: cycle 1 再判定 overall_status=LEDGER_COMPLIANT MAJOR=0件
[N3-01][pool_n9_tip_screens] A2: 比較方向Fact事前チェック(暫定、ER-008-DIRECTIONAL-FACT-PRECHECK-08)開始...
[N3-01][pool_n9_tip_screens] A2: 比較方向Fact事前チェック完了。overall_status=DIRECTION_REVIEW_REQUIRED
DONE elapsed=471.1s status=OK fact_verdict=REVIEW_REQUIRED ledger_status=LEDGER_COMPLIANT
