{"n_runs": 33, "total_jpy_low_mid_high": [28.07, 33.83, 41.04], "budget_jpy": 35.0, "mode": {"r5_mode": "full", "r3_reasoning": "medium", "r5_reasoning": "medium", "r3_reused_from": null}}
[done] s1/bgroup_B3 cands=9 cost=JPY0.9836 cum=JPY0.984
[done] s1/safety_A2A3 cands=13 cost=JPY1.0561 cum=JPY2.040
[done] s1/safety_A4 cands=25 cost=JPY1.1562 cum=JPY3.196
[done] s1/safety_A5 cands=22 cost=JPY1.0763 cum=JPY4.272
[done] s1/bgroup_B4 cands=24 cost=JPY1.0251 cum=JPY5.297
[done] s1/neg5_hormuz_div_a2 cands=12 cost=JPY1.2334 cum=JPY6.531
[done] s1/safety_er009_changed_number cands=1 cost=JPY0.2851 cum=JPY6.816
[done] s1/safety_er009_changed_actor cands=1 cost=JPY0.3459 cum=JPY7.162
[done] s1/safety_er009_changed_scope cands=1 cost=JPY0.3568 cum=JPY7.518
[done] s1/safety_er009_changed_causality cands=1 cost=JPY0.2661 cum=JPY7.785
[done] s1/safety_er009_changed_certainty cands=1 cost=JPY0.345 cum=JPY8.130
[done] s1/safety_er009_changed_negation cands=1 cost=JPY0.2691 cum=JPY8.399
[done] s1/safety_er009_changed_comparison cands=1 cost=JPY0.2958 cum=JPY8.694
[done] s1/safety_er009_changed_time cands=1 cost=JPY0.265 cum=JPY8.960
[done] s1/safety_er009_unsupported_new_claim cands=1 cost=JPY0.3134 cum=JPY9.273
[done] s1/neg1_meta_b3prod_a2 cands=36 cost=JPY1.2103 cum=JPY10.483
[done] s1/neg2_meta_refresh_a2 cands=17 cost=JPY1.1262 cum=JPY11.609
[done] s1/neg3_hormuz_prodrunner_b1b cands=10 cost=JPY0.8566 cum=JPY12.466
[done] s1/neg4_smallbag_div_a2 cands=25 cost=JPY1.1911 cum=JPY13.657
[done] s1/neg6_smallbag_div_b1b cands=20 cost=JPY1.1728 cum=JPY14.830
[done] s1/neg7_meta_prodrunner_b1b cands=23 cost=JPY1.1614 cum=JPY15.991
[done] s2/bgroup_B3 cands=8 cost=JPY0.9212 cum=JPY16.913
[done] s2/safety_A2A3 cands=14 cost=JPY0.8028 cum=JPY17.715
[done] s2/safety_A4 cands=21 cost=JPY0.8682 cum=JPY18.584
[done] s2/safety_A5 cands=21 cost=JPY0.9344 cum=JPY19.518
[done] s2/bgroup_B4 cands=25 cost=JPY0.9687 cum=JPY20.487
[done] s2/neg5_hormuz_div_a2 cands=8 cost=JPY1.2981 cum=JPY21.785
[done] s3/bgroup_B3 cands=6 cost=JPY0.9905 cum=JPY22.775
[done] s3/safety_A2A3 cands=10 cost=JPY0.9991 cum=JPY23.774
[done] s3/safety_A4 cands=22 cost=JPY0.9963 cum=JPY24.771
[done] s3/safety_A5 cands=21 cost=JPY1.0135 cum=JPY25.784
[done] s3/bgroup_B4 cands=23 cost=JPY0.9774 cum=JPY26.762
[done] s3/neg5_hormuz_div_a2 cands=13 cost=JPY1.0414 cum=JPY27.803
{
  "switches": {
    "STAGE1_MODE": "coverage_union",
    "STAGE1_ROUTES": "both",
    "MODEL": "gpt-6-luna",
    "TOTAL_BUDGET_JPY": 35.0,
    "STAGE1_R5_MODE": "full",
    "STAGE1_R3_REASONING": "medium",
    "STAGE1_R5_REASONING": "medium",
    "STAGE1_NEGATION_MODE": "a",
    "REUSE_R3_DIR": null
  },
  "stopped": false,
  "stop_reason": null,
  "runs": [
    {
      "sample": 1,
      "instance_id": "bgroup_B3",
      "cost": 0.9836,
      "n_union": 9
    },
    {
      "sample": 1,
      "instance_id": "safety_A2A3",
      "cost": 1.0561,
      "n_union": 13
    },
    {
      "sample": 1,
      "instance_id": "safety_A4",
      "cost": 1.1562,
      "n_union": 25
    },
    {
      "sample": 1,
      "instance_id": "safety_A5",
      "cost": 1.0763,
      "n_union": 22
    },
    {
      "sample": 1,
      "instance_id": "bgroup_B4",
      "cost": 1.0251,
      "n_union": 24
    },
    {
      "sample": 1,
      "instance_id": "neg5_hormuz_div_a2",
      "cost": 1.2334,
      "n_union": 12
    },
    {
      "sample": 1,
      "instance_id": "safety_er009_changed_number",
      "cost": 0.2851,
      "n_union": 1
    },
    {
      "sample": 1,
      "instance_id": "safety_er009_changed_actor",
      "cost": 0.3459,
      "n_union": 1
    },
    {
      "sample": 1,
      "instance_id": "safety_er009_changed_scope",
      "cost": 0.3568,
      "n_union": 1
    },
    {
      "sample": 1,
      "instance_id": "safety_er009_changed_causality",
      "cost": 0.2661,
      "n_union": 1
    },
    {
      "sample": 1,
      "instance_id": "safety_er009_changed_certainty",
      "cost": 0.345,
      "n_union": 1
    },
    {
      "sample": 1,
      "instance_id": "safety_er009_changed_negation",
      "cost": 0.2691,
      "n_union": 1
    },
    {
      "sample": 1,
      "instance_id": "safety_er009_changed_comparison",
      "cost": 0.2958,
      "n_union": 1
    },
    {
      "sample": 1,
      "instance_id": "safety_er009_changed_time",
      "cost": 0.265,
      "n_union": 1
    },
    {
      "sample": 1,
      "instance_id": "safety_er009_unsupported_new_claim",
      "cost": 0.3134,
      "n_union": 1
    },
    {
      "sample": 1,
      "instance_id": "neg1_meta_b3prod_a2",
      "cost": 1.2103,
      "n_union": 36
    },
    {
      "sample": 1,
      "instance_id": "neg2_meta_refresh_a2",
      "cost": 1.1262,
      "n_union": 17
    },
    {
      "sample": 1,
      "instance_id": "neg3_hormuz_prodrunner_b1b",
      "cost": 0.8566,
      "n_union": 10
    },
    {
      "sample": 1,
      "instance_id": "neg4_smallbag_div_a2",
      "cost": 1.1911,
      "n_union": 25
    },
    {
      "sample": 1,
      "instance_id": "neg6_smallbag_div_b1b",
      "cost": 1.1728,
      "n_union": 20
    },
    {
      "sample": 1,
      "instance_id": "neg7_meta_prodrunner_b1b",
      "cost": 1.1614,
      "n_union": 23
    },
    {
      "sample": 2,
      "instance_id": "bgroup_B3",
      "cost": 0.9212,
      "n_union": 8
    },
    {
      "sample": 2,
      "instance_id": "safety_A2A3",
      "cost": 0.8028,
      "n_union": 14
    },
    {
      "sample": 2,
      "instance_id": "safety_A4",
      "cost": 0.8682,
      "n_union": 21
    },
    {
      "sample": 2,
      "instance_id": "safety_A5",
      "cost": 0.9344,
      "n_union": 21
    },
    {
      "sample": 2,
      "instance_id": "bgroup_B4",
      "cost": 0.9687,
      "n_union": 25
    },
    {
      "sample": 2,
      "instance_id": "neg5_hormuz_div_a2",
      "cost": 1.2981,
      "n_union": 8
    },
    {
      "sample": 3,
      "instance_id": "bgroup_B3",
      "cost": 0.9905,
      "n_union": 6
    },
    {
      "sample": 3,
      "instance_id": "safety_A2A3",
      "cost": 0.9991,
      "n_union": 10
    },
    {
      "sample": 3,
      "instance_id": "safety_A4",
      "cost": 0.9963,
      "n_union": 22
    },
    {
      "sample": 3,
      "instance_id": "safety_A5",
      "cost": 1.0135,
      "n_union": 21
    },
    {
      "sample": 3,
  
