[B3-RUNNER][research_ledger] 既存Ledgerを再利用(既生成済み): er052_output/open233_note_transfer_matrix_01/runs/sewer/nb/T0M1/rep1/research_ledger
[E-FAMILY-RUNNER][cost] so far=0.00 JPY by_provider={} (after research_ledger)
[B3-RUNNER][storyline_b3] 既存Selected Fact Briefを再利用: er052_output/open233_note_transfer_matrix_01/runs/sewer/nb/T0M1/rep1/storyline_b3
[JA-WRITER][ja_r2] Fact Check MAJOR。R1からのrevisionとしてmust-fixで1回だけ再生成します(major_count=1)...
Traceback (most recent call last):
  File "C:\Users\tensh\eigo-radio\er019_family_x_entertainment_production_runner_01.py", line 192, in run_ja_writer
    result = jaw.run_ja_writer_o_r1_r2(client, storyline_line, selected_fact_brief_text,
                                        full_ledger_text=full_ledger_text)
  File "C:\Users\tensh\eigo-radio\er019_family_x_ja_writer_o_r1_r2_01.py", line 433, in run_ja_writer_o_r1_r2
    raise JAFactCheckStopError(
    ...<7 lines>...
    )
er019_family_x_ja_writer_o_r1_r2_01.JAFactCheckStopError: [STOP] JA_FACT_CHECK_STOP: JA R2 Fact Check、must-fix Rewrite後もMAJOR、または前回指摘の未解消が残りました(overall_status=LEDGER_DEVIATION, all_prior_issues_resolved=True)。本文を手で直さずSTOPします。

The above exception was the direct cause of the following exception:

Traceback (most recent call last):
  File "C:\Users\tensh\eigo-radio\er052_open233_polysemy_nb_dev_01.py", line 294, in <module>
    sys.exit(main())
             ~~~~^^
  File "C:\Users\tensh\eigo-radio\er052_open233_polysemy_nb_dev_01.py", line 253, in main
    er019.main()
    ~~~~~~~~~~^^
  File "C:\Users\tensh\eigo-radio\er019_family_x_entertainment_production_runner_01.py", line 365, in main
    writer_result = run_ja_writer(
        client, storyline_result["selected_storyline"],
        storyline_result["selected_fact_brief_text"], out_dir,
        full_ledger_text=ledger_text)
  File "C:\Users\tensh\eigo-radio\er019_family_x_entertainment_production_runner_01.py", line 203, in run_ja_writer
    raise RuntimeError(str(exc)) from exc
RuntimeError: [STOP] JA_FACT_CHECK_STOP: JA R2 Fact Check、must-fix Rewrite後もMAJOR、または前回指摘の未解消が残りました(overall_status=LEDGER_DEVIATION, all_prior_issues_resolved=True)。本文を手で直さずSTOPします。
