[21R] A2: run_one_pattern()(実Production経路、Writerのみreuse-stub)開始...
[N3-01][pool_n18_notifications_specfix_v2_ec_a_precision_21r] A2: writer呼び出し開始...
[N3-01][pool_n18_notifications_specfix_v2_ec_a_precision_21r] A2: Evidence Compression(Lossless Editor)呼び出し開始...
[N3-01][pool_n18_notifications_specfix_v2_ec_a_precision_21r] A2: Evidence Compression完了。response_id=resp_04b58053319188bc006a99f5c8be7c87d0b62d9d56069e3565
[N3-01][pool_n18_notifications_specfix_v2_ec_a_precision_21r] A2: Point-Full Story/Point-Point重複QA開始(retry 0/2)...
[N3-01][pool_n18_notifications_specfix_v2_ec_a_precision_21r] A2: Point-Full Story重複QA完了(overlapなし、記事全体retry 0回で解消)。
[N3-01][pool_n18_notifications_specfix_v2_ec_a_precision_21r] A2: metrics={'word_count': 362, 'sentence_count': 29, 'avg_sentence_length': 12.5, 'max_sentence_length': 25} sections={'intro': 219, 'point_one': 52, 'point_two': 70, 'in_one_line': 21}
[N3-01][pool_n18_notifications_specfix_v2_ec_a_precision_21r] A2: fact checker呼び出し開始...
[N3-01][pool_n18_notifications_specfix_v2_ec_a_precision_21r] A2: fact_check status=FACT_CHECK_COMPLETED verdict=REVIEW_REQUIRED
[N3-01][pool_n18_notifications_specfix_v2_ec_a_precision_21r] A2: ledger逸脱チェック開始(Hook-aware)...
[N3-01][pool_n18_notifications_specfix_v2_ec_a_precision_21r] A2: deviation overall_status=LEDGER_COMPLIANT deviations=0
[N3-01][pool_n18_notifications_specfix_v2_ec_a_precision_21r] A2: 比較方向Fact事前チェック(暫定、ER-008-DIRECTIONAL-FACT-PRECHECK-08)開始...
[N3-01][pool_n18_notifications_specfix_v2_ec_a_precision_21r] A2: 比較方向Fact事前チェック完了。overall_status=PASS
[21R] A2: 完了。status=OK fact_verdict=REVIEW_REQUIRED ledger_status=LEDGER_COMPLIANT evidence_compression_applied=True
[21R] B1B: run_one_pattern()(実Production経路、Writerのみreuse-stub)開始...
[N3-01][pool_n18_notifications_specfix_v2_ec_a_precision_21r] B1B: writer呼び出し開始...
[N3-01][pool_n18_notifications_specfix_v2_ec_a_precision_21r] B1B: Evidence Compression(Lossless Editor)呼び出し開始...
[N3-01][pool_n18_notifications_specfix_v2_ec_a_precision_21r] B1B: Evidence Compression完了。response_id=resp_06436cfefa5cfdcf006a99f67d379087d0bf0daee5447b769c
[N3-01][pool_n18_notifications_specfix_v2_ec_a_precision_21r] B1B: Point-Full Story/Point-Point重複QA開始(retry 0/2)...
[N3-01][pool_n18_notifications_specfix_v2_ec_a_precision_21r] B1B: Point-Full Story重複QA完了(overlapなし、記事全体retry 0回で解消)。
[N3-01][pool_n18_notifications_specfix_v2_ec_a_precision_21r] B1B: metrics={'word_count': 424, 'sentence_count': 32, 'avg_sentence_length': 13.5, 'max_sentence_length': 36} sections={'intro': 261, 'point_one': 61, 'point_two': 63, 'in_one_line': 39}
[N3-01][pool_n18_notifications_specfix_v2_ec_a_precision_21r] B1B: fact checker呼び出し開始...
[N3-01][pool_n18_notifications_specfix_v2_ec_a_precision_21r] B1B: fact_check status=FACT_CHECK_COMPLETED verdict=REVIEW_REQUIRED
[N3-01][pool_n18_notifications_specfix_v2_ec_a_precision_21r] B1B: ledger逸脱チェック開始(Hook-aware)...
[N3-01][pool_n18_notifications_specfix_v2_ec_a_precision_21r] B1B: deviation overall_status=LEDGER_COMPLIANT deviations=1
[N3-01][pool_n18_notifications_specfix_v2_ec_a_precision_21r] B1B: 比較方向Fact事前チェック(暫定、ER-008-DIRECTIONAL-FACT-PRECHECK-08)開始...
[N3-01][pool_n18_notifications_specfix_v2_ec_a_precision_21r] B1B: 比較方向Fact事前チェック完了。overall_status=DIRECTION_REVIEW_REQUIRED
[21R] B1B: 完了。status=OK fact_verdict=REVIEW_REQUIRED ledger_status=LEDGER_COMPLIANT evidence_compression_applied=True
[21R] 両レベル完了。summary -> er006_output/pool_pilot_01/pool_n18_notifications_specfix_v2_ec_a_precision_21r/regen_21r_summary.json
