[21R-AUDIO] a2: narration/key_phrases/support/tts_generation_resultsã‚’er006_output/pool_pilot_01/pool_n18_notifications_specfix_v2/a2ã‹ã‚‰ä¸¸ã”ã¨ã‚³ãƒ”ãƒ¼ã—ã¾ã—ãŸ(ã“ã®æ™‚ç‚¹ã§ã¯å…¨segmentæœªå¤‰æ›´ã¨ã—ã¦æ‰±ã†)ã€‚
[21R-AUDIO][a2] full_story_part1å†ç”Ÿæˆ(textå¤‰æ›´ã‚ã‚Š)...
[21R-AUDIO][a2] full_story_part2å†ç”Ÿæˆ(textå¤‰æ›´ã‚ã‚Š)...
[21R-AUDIO][a2] point_oneå†ç”Ÿæˆ(textå¤‰æ›´ã‚ã‚Š)...
[21R-AUDIO][a2] å†TTSå¯¾è±¡: ['full_story_part1', 'full_story_part2', 'point_one']
[21R-AUDIO] b1b: narration/key_phrases/support/tts_generation_resultsã‚’er006_output/pool_pilot_01/pool_n18_notifications_specfix_v2/b1bã‹ã‚‰ä¸¸ã”ã¨ã‚³ãƒ”ãƒ¼ã—ã¾ã—ãŸ(ã“ã®æ™‚ç‚¹ã§ã¯å…¨segmentæœªå¤‰æ›´ã¨ã—ã¦æ‰±ã†)ã€‚
[21R-AUDIO][b1b] full_story_part1å†ç”Ÿæˆ(textå¤‰æ›´ã‚ã‚Š)...
[21R-AUDIO][b1b] full_story_part2å†ç”Ÿæˆ(textå¤‰æ›´ã‚ã‚Š)...
[21R-AUDIO][b1b] point_oneå†ç”Ÿæˆ(textå¤‰æ›´ã‚ã‚Š)...
[21R-AUDIO][b1b] point_twoå†ç”Ÿæˆ(textå¤‰æ›´ã‚ã‚Š)...
[21R-AUDIO][b1b] å†TTSå¯¾è±¡: ['full_story_part1', 'full_story_part2', 'point_one', 'point_two']
[21R-AUDIO] B1 Assembly(é€šå¸¸çµŒè·¯ã€tight_speech_onlyç„¡é–¢ä¿‚)é–‹å§‹...
[N3-ASSEMBLE][pool_n18_notifications_specfix_v2_ec_a_precision_21r/b1b] status=OK duration=357.964 peak=0.79322 clipping=False
[21R-AUDIO] A2 Assembly(Trial-15æ¡ä»¶: tight_speech_onlyä¸€æ™‚çš„ã«æ’ç­‰é–¢æ•°åŒ–)é–‹å§‹...
Traceback (most recent call last):
  File "C:\Users\tensh\eigo-radio\er011_no18_evidence_compression_a_precision_21r_audio_stage.py", line 324, in <module>
    main()
    ~~~~^^
  File "C:\Users\tensh\eigo-radio\er011_no18_evidence_compression_a_precision_21r_audio_stage.py", line 315, in main
    assemble_result = run_assembly()
  File "C:\Users\tensh\eigo-radio\er011_no18_evidence_compression_a_precision_21r_audio_stage.py", line 294, in run_assembly
    a2_summary = asm.stage_assemble_a2(theme)
  File "C:\Users\tensh\eigo-radio\er003_v1_n3_01_assemble.py", line 726, in stage_assemble_a2
    sources = load_a2_sources(theme)
  File "C:\Users\tensh\eigo-radio\er003_v1_n3_01_assemble.py", line 489, in load_a2_sources
    verify_episode_audio_validation_gate(out_dir, "A2")
    ~~~~~~~~~~~~~~~~~~~~~~~~~~~~~~~~~~~~^^^^^^^^^^^^^^^
  File "C:\Users\tensh\eigo-radio\er003_v1_n3_01_assemble.py", line 262, in verify_episode_audio_validation_gate
    raise RuntimeError(
    ...<7 lines>...
        "“K—p‚µ‚Ä‚©‚çÄ“xassembly‚ğÀs‚µ‚Ä‚­‚¾‚³‚¢B")
RuntimeError: EPISODE_BLOCKED_BY_AUDIO_VALIDATION: A2‚Ìepisode assembly‚ğ’†~‚µ‚Ü‚µ‚½BˆÈ‰º‚Ìsegment‚ª¡‰ñ‚Ìrun‚ÅVALIDATED/HUMAN_APPROVEDó‘Ô‚Å‚Í‚ ‚è‚Ü‚¹‚ñA‚Ü‚½‚Í•K{post-process‚Ìevidence‚ª‚ ‚è‚Ü‚¹‚ñ: ['full_story_part1=UNVALIDATED', 'full_story_part2=UNVALIDATED']B–¢ŒŸØEstaleESTOPPED‚Ì‰¹ºA‚Ü‚½‚Í6% slowdown“™‚Ì•K{post-process‚ğŒo‚Ä‚¢‚È‚¢‰¹º‚ğ‚»‚Ì‚Ü‚ÜŠ®¬ˆµ‚¢‚É‚·‚é‚±‚Æ‚Í‹–‰Â‚³‚ê‚Ä‚¢‚Ü‚¹‚ñ(ER-008-AUDIO-VALIDATION-GATE-AND-EVIDENCE-MAJOR-AUDIT-05AER-008-N8-PRODUCTION-WIRING-AND-FOLLOWUP-19)BŠY“–segment‚ğÄ¶¬‚·‚é‚©Apost-process‚ğ“K—p‚µ‚Ä‚©‚çÄ“xassembly‚ğÀs‚µ‚Ä‚­‚¾‚³‚¢B
