===== [RERUN02] level=b1b 開始 =====
[RERUN02][b1b] Key Phrase選定+Canonicalization+Redundancy QA (Production経路、sc.run_key_phrases、無変更)開始...
[RERUN02][b1b] Key Phrase結果: selection=KEY_WORDS_STRUCTURE_PASS canonicalization=CANONICALIZATION_PASS redundancy=REDUNDANCY_PASS overall_status=None
[RERUN02][b1b] 本文13segmentをTrial-13(review_lock RESOLVED確認済み)から再利用(再TTSしない)...
[RERUN02][b1b] Key Phrase音声(英語+日本語、TTS用テキスト)を新規生成...
[RERUN02][b1b] Key Phrase 1 英語Component生成: 'self-directed travel'...
[RERUN02][b1b] Key Phrase 1 日本語(TTS用テキスト)生成: '自分で進め方を決める旅行' (表示用: '自分で進め方を決める旅行')...
[RERUN02][b1b] Key Phrase 2 英語Component生成: 'two different speeds'...
[RERUN02][b1b] Key Phrase 2 日本語(TTS用テキスト)生成: '二つの異なるペースで進んでいること' (表示用: '二つの異なるペースで進んでいること')...
[RERUN02][b1b] Key Phrase 3 英語Component生成: 'too broad a label'...
[RERUN02][b1b] Key Phrase 3 日本語(TTS用テキスト)生成: 'ひとまとめにしすぎた呼び方' (表示用: 'ひとまとめにしすぎた呼び方')...
[RERUN02][b1b] Key Phrase 4 英語Component生成: 'interest-led plans'...
[RERUN02][b1b] Key Phrase 4 日本語(TTS用テキスト)生成: '興味を中心にした旅行プラン' (表示用: '興味を中心にした旅行プラン')...
[RERUN02][b1b] Key Phrase 5 英語Component生成: 'leading travel arrangement'...
[RERUN02][b1b] Key Phrase 5 日本語(TTS用テキスト)生成: '最も多い旅行の形' (表示用: '最も多い旅行の形')...
[RERUN02][b1b] Key Phrase音声status={1: {'en': 'OK', 'ja': 'OK'}, 2: {'en': 'OK', 'ja': 'OK'}, 3: {'en': 'OK', 'ja': 'OK'}, 4: {'en': 'OK', 'ja': 'OK'}, 5: {'en': 'OK', 'ja': 'OK'}}
[N3-ASSEMBLE][open112_trend_theme2_b_final_audio_rerun_02/b1b] status=OK duration=341.975 peak=0.80806 clipping=False headroom_applied=False
===== [RERUN02] level=a2 開始 =====
[RERUN02][a2] Key Phrase選定+Canonicalization+Redundancy QA (Production経路、sc.run_key_phrases、無変更)開始...
[RERUN02][a2] Key Phrase結果: selection=KEY_WORDS_STRUCTURE_PASS canonicalization=CANONICALIZATION_REVIEW_REQUIRED redundancy=REDUNDANCY_PASS overall_status=None
[RERUN02][a2] 本文14segmentをTrial-13(review_lock RESOLVED確認済み)から再利用(再TTSしない)...
[RERUN02][a2] Key Phrase音声(英語+日本語、TTS用テキスト)を新規生成...
[RERUN02][a2] Key Phrase 1 英語Component生成: "at one's own pace"...
[RERUN02][a2] meaning_1(TTS用テキスト)生成: '自分のペースで' (表示用: '自分のペースで')...
[RERUN02][a2] Key Phrase 2 英語Component生成: 'a full month off'...
[RERUN02][a2] meaning_2(TTS用テキスト)生成: 'まる一か月の休み' (表示用: 'まる一か月の休み')...
[RERUN02][a2] Key Phrase 3 英語Component生成: 'hobby-focused travel'...
[RERUN02][a2] meaning_3(TTS用テキスト)生成: '趣味を中心にした旅行' (表示用: '趣味を中心にした旅行')...
[RERUN02][a2] Key Phrase 4 英語Component生成: 'median'...
[RERUN02][a2] meaning_4(TTS用テキスト)生成: '真ん中の値' (表示用: '真ん中の値')...
[RERUN02][a2] Key Phrase 5 英語Component生成: 'the new normal'...
[RERUN02][a2] meaning_5(TTS用テキスト)生成: '新しい当たり前' (表示用: '新しい当たり前')...
[RERUN02][a2] Key Phrase音声status={1: {'en': 'OK', 'ja': 'OK'}, 2: {'en': 'OK', 'ja': 'OK'}, 3: {'en': 'OK', 'ja': 'OK'}, 4: {'en': 'OK', 'ja': 'OK'}, 5: {'en': 'OK', 'ja': 'OK'}}
[N3-ASSEMBLE][open112_trend_theme2_b_final_audio_rerun_02/a2] status=OK duration=375.226 peak=0.98 clipping=False headroom_applied=True
[RERUN02] 完了。
