[TRIAL-19] run=baseline_01: Evidence Compression Editor呼び出し...
[TRIAL-19] run=baseline_01: Ledger Deviation Check...
[TRIAL-19] run=baseline_01: Fact Checker呼び出し...
[TRIAL-19] run=baseline_01: 完了。ledger=LEDGER_COMPLIANT fact_verdict=REVIEW_REQUIRED area_numbers=0 new_causal=[]
[TRIAL-19] run=baseline_02: Evidence Compression Editor呼び出し...
[TRIAL-19] run=baseline_02: Ledger Deviation Check...
[TRIAL-19] run=baseline_02: Fact Checker呼び出し...
[TRIAL-19] run=baseline_02: 完了。ledger=LEDGER_COMPLIANT fact_verdict=REVIEW_REQUIRED area_numbers=0 new_causal=[]
[TRIAL-19] run=baseline_03: Evidence Compression Editor呼び出し...
[TRIAL-19] run=baseline_03: Ledger Deviation Check...
[TRIAL-19] run=baseline_03: Fact Checker呼び出し...
[TRIAL-19] run=baseline_03: 完了。ledger=LEDGER_COMPLIANT fact_verdict=REVIEW_REQUIRED area_numbers=2 new_causal=[]
[TRIAL-19] run=baseline_04: Evidence Compression Editor呼び出し...
[TRIAL-19] run=baseline_04: Ledger Deviation Check...
[TRIAL-19] run=baseline_04: Fact Checker呼び出し...
[TRIAL-19] run=baseline_04: 完了。ledger=LEDGER_COMPLIANT fact_verdict=FAIL area_numbers=2 new_causal=[]
[TRIAL-19] run=baseline_05: Evidence Compression Editor呼び出し...
[TRIAL-19] run=baseline_05: Ledger Deviation Check...
[TRIAL-19] run=baseline_05: Fact Checker呼び出し...
[TRIAL-19] run=baseline_05: 完了。ledger=LEDGER_COMPLIANT fact_verdict=REVIEW_REQUIRED area_numbers=0 new_causal=[]
[TRIAL-19] run=pattern_a_01: Evidence Compression Editor呼び出し...
[TRIAL-19] run=pattern_a_01: Ledger Deviation Check...
[TRIAL-19] run=pattern_a_01: Fact Checker呼び出し...
[TRIAL-19] run=pattern_a_01: 完了。ledger=LEDGER_COMPLIANT fact_verdict=REVIEW_REQUIRED area_numbers=2 new_causal=[]
[TRIAL-19] run=pattern_a_02: Evidence Compression Editor呼び出し...
[TRIAL-19] run=pattern_a_02: Ledger Deviation Check...
[TRIAL-19] run=pattern_a_02: Fact Checker呼び出し...
[TRIAL-19] run=pattern_a_02: 完了。ledger=LEDGER_COMPLIANT fact_verdict=REVIEW_REQUIRED area_numbers=2 new_causal=[]
[TRIAL-19] run=pattern_a_03: Evidence Compression Editor呼び出し...
[TRIAL-19] run=pattern_a_03: Ledger Deviation Check...
[TRIAL-19] run=pattern_a_03: Fact Checker呼び出し...
[TRIAL-19] run=pattern_a_03: 完了。ledger=LEDGER_COMPLIANT fact_verdict=REVIEW_REQUIRED area_numbers=2 new_causal=[]
[TRIAL-19] run=pattern_a_04: Evidence Compression Editor呼び出し...
[TRIAL-19] run=pattern_a_04: Ledger Deviation Check...
[TRIAL-19] run=pattern_a_04: Fact Checker呼び出し...
[TRIAL-19] run=pattern_a_04: 完了。ledger=LEDGER_COMPLIANT fact_verdict=REVIEW_REQUIRED area_numbers=2 new_causal=[]
[TRIAL-19] run=pattern_a_05: Evidence Compression Editor呼び出し...
[TRIAL-19] run=pattern_a_05: Ledger Deviation Check...
[TRIAL-19] run=pattern_a_05: Fact Checker呼び出し...
[TRIAL-19] run=pattern_a_05: 完了。ledger=LEDGER_COMPLIANT fact_verdict=REVIEW_REQUIRED area_numbers=2 new_causal=[]
[TRIAL-19] run=pattern_b_01: Evidence Compression Editor呼び出し...
[TRIAL-19] run=pattern_b_01: Ledger Deviation Check...
[TRIAL-19] run=pattern_b_01: Fact Checker呼び出し...
[TRIAL-19] run=pattern_b_01: 完了。ledger=LEDGER_COMPLIANT fact_verdict=REVIEW_REQUIRED area_numbers=2 new_causal=[]
[TRIAL-19] run=pattern_b_02: Evidence Compression Editor呼び出し...
[TRIAL-19] run=pattern_b_02: Ledger Deviation Check...
[TRIAL-19] run=pattern_b_02: Fact Checker呼び出し...
[TRIAL-19] run=pattern_b_02: 完了。ledger=LEDGER_COMPLIANT fact_verdict=REVIEW_REQUIRED area_numbers=2 new_causal=[]
[TRIAL-19] run=pattern_b_03: Evidence Compression Editor呼び出し...
[TRIAL-19] run=pattern_b_03: Ledger Deviation Check...
[TRIAL-19] run=pattern_b_03: Fact Checker呼び出し...
[TRIAL-19] run=pattern_b_03: 完了。ledger=LEDGER_COMPLIANT fact_verdict=REVIEW_REQUIRED area_numbers=2 new_causal=[]
[TRIAL-19] run=pattern_b_04: Evidence Compression Editor呼び出し...
[TRIAL-19] run=pattern_b_04: Ledger Deviation Check...
[TRIAL-19] run=pattern_b_04: Fact Checker呼び出し...
[TRIAL-19] run=pattern_b_04: 完了。ledger=LEDGER_COMPLIANT fact_verdict=REVIEW_REQUIRED area_numbers=2 new_causal=[]
[TRIAL-19] run=pattern_b_05: Evidence Compression Editor呼び出し...
[TRIAL-19] run=pattern_b_05: Ledger Deviation Check...
[TRIAL-19] run=pattern_b_05: Fact Checker呼び出し...
[TRIAL-19] run=pattern_b_05: 完了。ledger=LEDGER_COMPLIANT fact_verdict=PASS area_numbers=2 new_causal=[]
[TRIAL-19] run=pattern_c_01: Evidence Compression Editor呼び出し...
[TRIAL-19] run=pattern_c_01: Ledger Deviation Check...
[TRIAL-19] run=pattern_c_01: Fact Checker呼び出し...
[TRIAL-19] run=pattern_c_01: 完了。ledger=LEDGER_DEVIATION fact_verdict=REVIEW_REQUIRED area_numbers=2 new_causal=[]
[TRIAL-19] run=pattern_c_02: Evidence Compression Editor呼び出し...
[TRIAL-19] run=pattern_c_02: Ledger Deviation Check...
[TRIAL-19] run=pattern_c_02: Fact Checker呼び出し...
[TRIAL-19] run=pattern_c_02: 完了。ledger=LEDGER_DEVIATION fact_verdict=REVIEW_REQUIRED area_numbers=2 new_causal=[]
[TRIAL-19] run=pattern_c_03: Evidence Compression Editor呼び出し...
[TRIAL-19] run=pattern_c_03: Ledger Deviation Check...
[TRIAL-19] run=pattern_c_03: Fact Checker呼び出し...
[TRIAL-19] run=pattern_c_03: 完了。ledger=LEDGER_DEVIATION fact_verdict=REVIEW_REQUIRED area_numbers=2 new_causal=[]
[TRIAL-19] run=pattern_c_04: Evidence Compression Editor呼び出し...
[TRIAL-19] run=pattern_c_04: Ledger Deviation Check...
[TRIAL-19] run=pattern_c_04: Fact Checker呼び出し...
[TRIAL-19] run=pattern_c_04: 完了。ledger=LEDGER_COMPLIANT fact_verdict=REVIEW_REQUIRED area_numbers=2 new_causal=[]
[TRIAL-19] run=pattern_c_05: Evidence Compression Editor呼び出し...
[TRIAL-19] run=pattern_c_05: Ledger Deviation Check...
[TRIAL-19] run=pattern_c_05: Fact Checker呼び出し...
[TRIAL-19] run=pattern_c_05: 完了。ledger=LEDGER_COMPLIANT fact_verdict=REVIEW_REQUIRED area_numbers=2 new_causal=[]
[TRIAL-19] 全20 run完了。summary -> er011_output/no18_a2_evidence_compression_abc_reproducibility_trial_19/trial_summary.json
