[TRIAL-20] run=pattern_a_precision_01: Evidence Compression Editor(Precision付き)呼び出し...
[TRIAL-20] run=pattern_a_precision_01: Ledger Deviation Check...
[TRIAL-20] run=pattern_a_precision_01: Fact Checker呼び出し...
[TRIAL-20] run=pattern_a_precision_01: 完了。ledger=LEDGER_COMPLIANT fact_verdict=REVIEW_REQUIRED area_numbers=2 decimals=0 merge_risk=False new_causal=[]
[TRIAL-20] run=pattern_a_precision_02: Evidence Compression Editor(Precision付き)呼び出し...
[TRIAL-20] run=pattern_a_precision_02: Ledger Deviation Check...
[TRIAL-20] run=pattern_a_precision_02: Fact Checker呼び出し...
[TRIAL-20] run=pattern_a_precision_02: 完了。ledger=LEDGER_COMPLIANT fact_verdict=REVIEW_REQUIRED area_numbers=2 decimals=0 merge_risk=False new_causal=[]
[TRIAL-20] run=pattern_a_precision_03: Evidence Compression Editor(Precision付き)呼び出し...
[TRIAL-20] run=pattern_a_precision_03: Ledger Deviation Check...
[TRIAL-20] run=pattern_a_precision_03: Fact Checker呼び出し...
[TRIAL-20] run=pattern_a_precision_03: 完了。ledger=LEDGER_COMPLIANT fact_verdict=REVIEW_REQUIRED area_numbers=2 decimals=0 merge_risk=False new_causal=[]
[TRIAL-20] run=pattern_b_precision_01: Evidence Compression Editor(Precision付き)呼び出し...
[TRIAL-20] run=pattern_b_precision_01: Ledger Deviation Check...
[TRIAL-20] run=pattern_b_precision_01: Fact Checker呼び出し...
[TRIAL-20] run=pattern_b_precision_01: 完了。ledger=LEDGER_COMPLIANT fact_verdict=REVIEW_REQUIRED area_numbers=2 decimals=2 merge_risk=False new_causal=[]
[TRIAL-20] run=pattern_b_precision_02: Evidence Compression Editor(Precision付き)呼び出し...
[TRIAL-20] run=pattern_b_precision_02: Ledger Deviation Check...
[TRIAL-20] run=pattern_b_precision_02: Fact Checker呼び出し...
[TRIAL-20] run=pattern_b_precision_02: 完了。ledger=LEDGER_COMPLIANT fact_verdict=REVIEW_REQUIRED area_numbers=2 decimals=0 merge_risk=False new_causal=[]
[TRIAL-20] run=pattern_b_precision_03: Evidence Compression Editor(Precision付き)呼び出し...
[TRIAL-20] run=pattern_b_precision_03: Ledger Deviation Check...
[TRIAL-20] run=pattern_b_precision_03: Fact Checker呼び出し...
[TRIAL-20] run=pattern_b_precision_03: 完了。ledger=LEDGER_COMPLIANT fact_verdict=REVIEW_REQUIRED area_numbers=2 decimals=0 merge_risk=False new_causal=[]
[TRIAL-20] run=pattern_c_precision_01: Evidence Compression Editor(Precision付き)呼び出し...
[TRIAL-20] run=pattern_c_precision_01: Ledger Deviation Check...
[TRIAL-20] run=pattern_c_precision_01: Fact Checker呼び出し...
[TRIAL-20] run=pattern_c_precision_01: 完了。ledger=LEDGER_DEVIATION fact_verdict=REVIEW_REQUIRED area_numbers=2 decimals=0 merge_risk=False new_causal=[]
[TRIAL-20] run=pattern_c_precision_02: Evidence Compression Editor(Precision付き)呼び出し...
[TRIAL-20] run=pattern_c_precision_02: Ledger Deviation Check...
[TRIAL-20] run=pattern_c_precision_02: Fact Checker呼び出し...
[TRIAL-20] run=pattern_c_precision_02: 完了。ledger=LEDGER_COMPLIANT fact_verdict=REVIEW_REQUIRED area_numbers=2 decimals=0 merge_risk=True new_causal=[]
[TRIAL-20] run=pattern_c_precision_03: Evidence Compression Editor(Precision付き)呼び出し...
[TRIAL-20] run=pattern_c_precision_03: Ledger Deviation Check...
[TRIAL-20] run=pattern_c_precision_03: Fact Checker呼び出し...
[TRIAL-20] run=pattern_c_precision_03: 完了。ledger=LEDGER_COMPLIANT fact_verdict=PASS area_numbers=2 decimals=0 merge_risk=False new_causal=[]
[TRIAL-20] 全9 run完了。summary -> er011_output/no18_a2_evidence_compression_abc_precision_extension_trial_20/trial_summary.json
