{
 "status": "completed_R0_only",
 "error": null,
 "sec": 98.8,
 "writer_calls": [
  "ja_original"
 ],
 "fc_overall": [
  "LEDGER_COMPLIANT"
 ],
 "fc_deviation_counts": [
  [
   0,
   0
  ]
 ],
 "must_fix_applied": false,
 "symbol_must_fix_applied": false,
 "brief": "er052_output/factlock_writer_trial_01/astra_revise_matrix_02/inputs/small_bag/selected_brief_factlock.md",
 "brief_sha": "0e4fe52ec62bd8470ca935ca2884d4d159483e92dc2019dd1ef06734810b9abd",
 "source_b3_brief": "er052_output/gpt6_wiring_e2e_01/run_02/storyline_b3/selected_brief.md",
 "ledger": "er052_output/gpt6_wiring_e2e_01/run_02/research_ledger/verified_fact_ledger.txt",
 "ledger_sha": "0cc8ca3f2e73a1f9ee822087673e675b954aec9ce4d4492d5bcfcd448d8b6f0f",
 "cost_jpy_luna_registered_price": 0.863,
 "R0_sha": "88ba339d8517d6787e9a8ca272b3fbae26a9c0be07472b954df33e31e474e1b0",
 "tag_check": {
  "tagged": 9,
  "total": 17,
  "marks_echoed": 0,
  "iii_numbers": {
   "tokens": [],
   "counts": {
    "match": 0,
    "match_surface_diff": 0,
    "hedge_changed": 0,
    "not_core": 0
   },
   "mismatch_total": 0,
   "core_used_without_tag": [],
   "total": 0,
   "quantity_words": {
    "count": 1,
    "items": [
     "いくつ"
    ]
   }
  }
 }
}
