{"n_runs": 48, "total_jpy_low_mid_high": [18.08, 23.86, 31.08], "budget_jpy": 25.0, "mode": {"r5_mode": "verify_supported", "r3_reasoning": "high", "r5_reasoning": "medium", "r3_reused_from": "C:\\Users\\tensh\\eigo-radio\\er052_output\\open233_stage1_stageA_01"}}
[done] s1/bgroup_B3 cands=11 cost=JPY0.3266 cum=JPY0.327
[done] s1/safety_A2A3 cands=13 cost=JPY0.294 cum=JPY0.621
[done] s1/safety_A4 cands=24 cost=JPY0.2316 cum=JPY0.852
[done] s1/safety_A5 cands=28 cost=JPY0.2199 cum=JPY1.072
[done] s1/bgroup_B4 cands=23 cost=JPY0.1997 cum=JPY1.272
[done] s1/neg5_hormuz_div_a2 cands=12 cost=JPY0.5229 cum=JPY1.795
[done] s1/bgroup_B2_hormuz cands=14 cost=JPY0.3948 cum=JPY2.190
[done] s1/neg1_meta_b3prod_a2 cands=34 cost=JPY0.1628 cum=JPY2.352
[done] s1/neg2_meta_refresh_a2 cands=23 cost=JPY0.322 cum=JPY2.674
[done] s1/neg3_hormuz_prodrunner_b1b cands=15 cost=JPY0.3269 cum=JPY3.001
[done] s1/neg4_smallbag_div_a2 cands=26 cost=JPY0.3832 cum=JPY3.384
[done] s1/neg6_smallbag_div_b1b cands=21 cost=JPY0.3316 cum=JPY3.716
[done] s1/neg7_meta_prodrunner_b1b cands=26 cost=JPY0.3325 cum=JPY4.049
[done] s1/safety_er009_changed_number cands=1 cost=JPY0 cum=JPY4.049
[done] s1/safety_er009_changed_actor cands=1 cost=JPY0 cum=JPY4.049
[done] s1/safety_er009_changed_scope cands=1 cost=JPY0 cum=JPY4.049
[done] s1/safety_er009_changed_causality cands=1 cost=JPY0 cum=JPY4.049
[done] s1/safety_er009_changed_certainty cands=1 cost=JPY0 cum=JPY4.049
[done] s1/safety_er009_changed_negation cands=1 cost=JPY0 cum=JPY4.049
[done] s1/safety_er009_changed_comparison cands=1 cost=JPY0 cum=JPY4.049
[done] s1/safety_er009_changed_time cands=1 cost=JPY0 cum=JPY4.049
[done] s1/safety_er009_unsupported_new_claim cands=1 cost=JPY0 cum=JPY4.049
[done] s2/bgroup_B3 cands=10 cost=JPY0.3432 cum=JPY4.392
[done] s2/safety_A2A3 cands=14 cost=JPY0.3122 cum=JPY4.704
[done] s2/safety_A4 cands=23 cost=JPY0.3297 cum=JPY5.034
[done] s2/safety_A5 cands=25 cost=JPY0.3298 cum=JPY5.363
[done] s2/bgroup_B4 cands=23 cost=JPY0.1872 cum=JPY5.551
[done] s2/neg5_hormuz_div_a2 cands=12 cost=JPY0.5226 cum=JPY6.073
[done] s2/bgroup_B2_hormuz cands=13 cost=JPY0.4023 cum=JPY6.476
[done] s2/neg1_meta_b3prod_a2 cands=33 cost=JPY0.2413 cum=JPY6.717
[done] s2/neg2_meta_refresh_a2 cands=23 cost=JPY0.329 cum=JPY7.046
[done] s2/neg3_hormuz_prodrunner_b1b cands=12 cost=JPY0.2713 cum=JPY7.317
[done] s2/neg4_smallbag_div_a2 cands=26 cost=JPY0.33 cum=JPY7.647
[done] s2/neg6_smallbag_div_b1b cands=20 cost=JPY0.4352 cum=JPY8.082
[done] s2/neg7_meta_prodrunner_b1b cands=26 cost=JPY0.2614 cum=JPY8.344
[done] s3/bgroup_B3 cands=8 cost=JPY0.3577 cum=JPY8.701
[done] s3/safety_A2A3 cands=16 cost=JPY0.2238 cum=JPY8.925
[done] s3/safety_A4 cands=25 cost=JPY0.1779 cum=JPY9.103
[done] s3/safety_A5 cands=22 cost=JPY0.2637 cum=JPY9.367
[done] s3/bgroup_B4 cands=23 cost=JPY0.1223 cum=JPY9.489
[done] s3/neg5_hormuz_div_a2 cands=13 cost=JPY0.4421 cum=JPY9.931
[done] s3/bgroup_B2_hormuz cands=13 cost=JPY0.2558 cum=JPY10.187
{
  "switches": {
    "STAGE1_MODE": "coverage_union",
    "STAGE1_ROUTES": "both",
    "MODEL": "gpt-6-luna",
    "TOTAL_BUDGET_JPY": 25.0,
    "STAGE1_R5_MODE": "verify_supported",
    "STAGE1_R3_REASONING": "high",
    "STAGE1_R5_REASONING": "medium",
    "STAGE1_NEGATION_MODE": "a",
    "REUSE_R3_DIR": "C:\\Users\\tensh\\eigo-radio\\er052_output\\open233_stage1_stageA_01"
  },
  "stopped": true,
  "stop_reason": "exceptions in >=2 instances",
  "runs": [
    {
      "sample": 1,
      "instance_id": "bgroup_B3",
      "cost": 0.3266,
      "n_union": 11
    },
    {
      "sample": 1,
      "instance_id": "safety_A2A3",
      "cost": 0.294,
      "n_union": 13
    },
    {
      "sample": 1,
      "instance_id": "safety_A4",
      "cost": 0.2316,
      "n_union": 24
    },
    {
      "sample": 1,
      "instance_id": "safety_A5",
      "cost": 0.2199,
      "n_union": 28
    },
    {
      "sample": 1,
      "instance_id": "bgroup_B4",
      "cost": 0.1997,
      "n_union": 23
    },
    {
      "sample": 1,
      "instance_id": "neg5_hormuz_div_a2",
      "cost": 0.5229,
      "n_union": 12
    },
    {
      "sample": 1,
      "instance_id": "bgroup_B2_hormuz",
      "cost": 0.3948,
      "n_union": 14
    },
    {
      "sample": 1,
      "instance_id": "neg1_meta_b3prod_a2",
      "cost": 0.1628,
      "n_union": 34
    },
    {
      "sample": 1,
      "instance_id": "neg2_meta_refresh_a2",
      "cost": 0.322,
      "n_union": 23
    },
    {
      "sample": 1,
      "instance_id": "neg3_hormuz_prodrunner_b1b",
      "cost": 0.3269,
      "n_union": 15
    },
    {
      "sample": 1,
      "instance_id": "neg4_smallbag_div_a2",
      "cost": 0.3832,
      "n_union": 26
    },
    {
      "sample": 1,
      "instance_id": "neg6_smallbag_div_b1b",
      "cost": 0.3316,
      "n_union": 21
    },
    {
      "sample": 1,
      "instance_id": "neg7_meta_prodrunner_b1b",
      "cost": 0.3325,
      "n_union": 26
    },
    {
      "sample": 1,
      "instance_id": "safety_er009_changed_number",
      "cost": 0,
      "n_union": 1
    },
    {
      "sample": 1,
      "instance_id": "safety_er009_changed_actor",
      "cost": 0,
      "n_union": 1
    },
    {
      "sample": 1,
      "instance_id": "safety_er009_changed_scope",
      "cost": 0,
      "n_union": 1
    },
    {
      "sample": 1,
      "instance_id": "safety_er009_changed_causality",
      "cost": 0,
      "n_union": 1
    },
    {
      "sample": 1,
      "instance_id": "safety_er009_changed_certainty",
      "cost": 0,
      "n_union": 1
    },
    {
      "sample": 1,
      "instance_id": "safety_er009_changed_negation",
      "cost": 0,
      "n_union": 1
    },
    {
      "sample": 1,
      "instance_id": "safety_er009_changed_comparison",
      "cost": 0,
      "n_union": 1
    },
    {
      "sample": 1,
      "instance_id": "safety_er009_changed_time",
      "cost": 0,
      "n_union": 1
    },
    {
      "sample": 1,
      "instance_id": "safety_er009_unsupported_new_claim",
      "cost": 0,
      "n_union": 1
    },
    {
      "sample": 2,
      "instance_id": "bgroup_B3",
      "cost": 0.3432,
      "n_union": 10
    },
    {
      "sample": 2,
      "instance_id": "safety_A2A3",
      "cost": 0.3122,
      "n_union": 14
    },
    {
      "sample": 2,
      "instance_id": "safety_A4",
      "cost": 0.3297,
      "n_union": 23
    },
    {
      "sample": 2,
      "instance_id": "safety_A5",
      "cost": 0.3298,
      "n_union": 25
    },
    {
      "sample": 2,
      "instance_id": "bgroup_B4",
      "cost": 0.1872,
      "n_union": 23
    },
    {
      "sample": 2,
      "instance_id": "neg5_hormuz_div_a2",
      "cost": 0.5226,
      "n_union": 12
    },
    {
      "sample": 2,
      "instance_id": "bgroup_B2_hormuz",
      "cost": 0.4023,
      "n_union": 13
    },
    {
      "sample": 2,
      "instance_id": "neg1_meta_b3prod_a2",
      "cost": 0.2413,
      "n_union": 33
    },
    {
      "sample": 2,
      "instance_id": "neg2_me
