g35_japanese_title_a1 A_meta | AIの電話に人間が出演。問題はキャスト変更のお知らせでした。 | pass NORMALIZED_MATCH 2.0s cum¥0.31
g35_japanese_title_a2 A_meta | AIの電話に人間が出演。問題はキャスト変更のお知らせでした。 | pass NORMALIZED_MATCH 1.5s cum¥0.58
g35_japanese_title_a3 A_meta | AIの電話に人間が出演。問題はキャスト変更のお知らせでした。 | pass NORMALIZED_MATCH 1.5s cum¥0.84
g12_kp1_ja_aoede_a2 C_negative | 縛られる。自由になれる感じの。 | NG TRUE_CONTENT_MISMATCH 1.0s cum¥1.02
g3_kp4_ja_charon_a1 C_negative | 体内どこ。 | NG TRUE_CONTENT_MISMATCH 1.0s cum¥1.11
g4_kp2_ja_charon_a1 C_negative | 証拠が？と受け取られる。 | NG TRUE_CONTENT_MISMATCH 1.0s cum¥1.24
g5_kp4_ja_charon_a1 C_negative | 名称を中心にした料亭。 | NG TRUE_CONTENT_MISMATCH 1.1s cum¥1.38
g6_kp5_ja_charon_a1 C_negative | 形に始める。 | NG TRUE_CONTENT_MISMATCH 0.6s cum¥1.51
g2_kp2_ja_charon_a1 B_rescue_candidate | 匂いを出す。 | NG PHONETIC_MATCH 0.6s cum¥1.60
g8_kp4_ja_charon_a1 B_rescue_candidate | 熟すと出るガス。 | pass NORMALIZED_MATCH 1.0s cum¥1.73
g11_kp5_ja_aoede_a1 B_rescue_candidate | 理屈の上では。 | pass NORMALIZED_MATCH 0.5s cum¥1.87
g11_kp5_ja_aoede_a2 B_rescue_candidate | 理屈の上で。 | NG TRUE_CONTENT_MISMATCH 1.0s cum¥1.96
g17_kp5_ja_charon_a1 B_rescue_candidate | 最新のニュースについていく。 | pass NORMALIZED_MATCH 1.0s cum¥2.09
g20_kp2_ja_charon_a1 B_rescue_candidate | クリックを集めるように調整される。 | pass NORMALIZED_MATCH 1.0s cum¥2.22
g21_comment_3_a1 B_rescue_candidate | 世界市場の価格は下がりましたが、米国のコーヒー価格は前年同月より高いままでした。この二つは比べる期間が違い、豆の値下がりが店頭価格に現れるまでには時間がかかります。こうした違いを踏まえて、続きに耳を傾けてみましょう。 | NG PHONETIC_MATCH 7.5s cum¥3.11
g23_meaning_2_a1 B_rescue_candidate | 焙煎米のコーヒー豆。 | NG TRUE_CONTENT_MISMATCH 1.0s cum¥3.24
g27_kp1_ja_charon_a1 B_rescue_candidate | 上がった分をいったん吐き出す。 | pass NORMALIZED_MATCH 1.0s cum¥3.38
g31_meaning_2_a1 B_rescue_candidate | 海を封鎖すること。 | pass NORMALIZED_MATCH 1.0s cum¥3.51
g33_meaning_5_a1 B_rescue_candidate | 目を引く。 | pass NORMALIZED_MATCH 0.5s cum¥3.60
g33_meaning_5_a2 B_rescue_candidate | 目を引く。 | pass NORMALIZED_MATCH 0.5s cum¥3.69
g36_comment_1_a1 B_rescue_candidate | まず、 20%という計画が発表された後、支払い方法など何がまだ決まっていなかったのかに注目してください。 | NG PHONETIC_MATCH 2.5s cum¥4.13
g18_meaning_2_a2 B_rescue_candidate | 拒絶されたように感じる。 | pass NORMALIZED_MATCH 1.0s cum¥4.27
g18_meaning_2_a3 B_rescue_candidate | 拒絶されたように感じる。 | pass NORMALIZED_MATCH 1.0s cum¥4.40
g1_meaning_4_a1 B_rescue_candidate | 活動し続ける。 | pass NORMALIZED_MATCH 1.1s cum¥4.49
g7_meaning_4_a1 P_exclusion_probe | 湿度。 | pass NORMALIZED_MATCH 1.6s cum¥4.58
done cum 4.578
