g35_japanese_title_a1 AIの電話に人間が出演。問題は「キャスト |S: AIの電話に人間が出面問題はキャスト変更のお知らせ TRUE_CONTENT_MISMATCH |M: AI の電話に人間が出面 問題はキャスト変更のお知 TRUE_CONTENT_MISMATCH
g35_japanese_title_a2 AIの電話に人間が出演。問題は「キャスト |S: AIの電話に人間が出演 問題はキャスト変更のお知ら NORMALIZED_MATCH |M: AIの電話に人間が出演 問題はキャスト変更のお知ら NORMALIZED_MATCH
g35_japanese_title_a3 AIの電話に人間が出演。問題は「キャスト |S: AIの電話に人間が出演、問題はキャスト変更のお知ら NORMALIZED_MATCH |M: AIの電話に人間が出演 問題はキャスト変更のお知ら NORMALIZED_MATCH
g2_kp2_ja_charon_a1 においを出す |S: 匂いを出す PHONETIC_MATCH |M: 匂いを出す PHONETIC_MATCH
g7_meaning_4_a1 湿度 |S: 湿度 EXACT_MATCH |M: 出土 PHONETIC_MATCH
g8_kp4_ja_charon_a1 熟すと出るガス |S: ジュクスト出るガス PHONETIC_MATCH |M: ジュクスと出るガス PHONETIC_MATCH
g11_kp5_ja_aoede_a1 理屈の上では |S: 肉術の上では TRUE_CONTENT_MISMATCH |M: 理屈の上では EXACT_MATCH
g11_kp5_ja_aoede_a2 理屈の上では |S: 理屈の上では EXACT_MATCH |M: 理屈の上では、 NORMALIZED_MATCH
g17_kp5_ja_charon_a1 最新のニュースについていく |S: 最新のニュースについていく EXACT_MATCH |M: 最新のニュースについていく EXACT_MATCH
g20_kp2_ja_charon_a1 クリックを集めるように調整される |S: クリックを集めるように調整される。 NORMALIZED_MATCH |M: クリックを集めるように調整される。 NORMALIZED_MATCH
g21_comment_3_a1 世界市場の価格は下がりましたが、米国のコ |S: 世界史上の価格は下がりましたが、米国のコーヒー価格 PHONETIC_MATCH |M: 世界市場の価格は下がりましたが、 米国のコーヒー価 PHONETIC_MATCH
g23_meaning_2_a1 焙煎前のコーヒー豆 |S: バイセン前のコーヒー豆 PHONETIC_MATCH |M: 焙煎前のコーヒー豆 EXACT_MATCH
g24_comment_3_a1 世界市場の価格は下がりましたが、米国のコ |S: 世界史上の価格は下がりましたが、米国のコーヒー価格 PHONETIC_MATCH |M: 世界市場の価格は下がりましたが、 米国のコーヒー価 PHONETIC_MATCH
g26_meaning_2_a1 焙煎前のコーヒー豆 |S: バイセン前のコーヒー豆 PHONETIC_MATCH |M: 焙煎前のコーヒー豆 EXACT_MATCH
g27_kp1_ja_charon_a1 上がった分をいったん吐き出す |S: 上がった分を一旦吐き出す PHONETIC_MATCH |M: 上がった文を一旦吐き出す。 ASR_VALIDATION_UNCERTAIN
g31_meaning_2_a1 海を封鎖すること |S: 海を封鎖すること EXACT_MATCH |M: 海を封鎖すること EXACT_MATCH
g33_meaning_5_a1 目を引く |S: 目を引く EXACT_MATCH |M: 目を引く EXACT_MATCH
g33_meaning_5_a2 目を引く |S: 目を引く EXACT_MATCH |M: 目を引く EXACT_MATCH
g36_comment_1_a1 まず、20％という計画が発表されたあと、 |S: まず20%という計画が発表された後、支払い方法など PHONETIC_MATCH |M: まず、20%という計画が発表された後、支払い方法な PHONETIC_MATCH
g12_kp1_ja_aoede_a2 しばられず自由になれる感じの |S: 縛られる自由になれる感じの TRUE_CONTENT_MISMATCH |M: 縛られる、自由になれる感じの TRUE_CONTENT_MISMATCH
g3_kp4_ja_charon_a1 体内時計 |S: 体内どこ? TRUE_CONTENT_MISMATCH |M: 体内どこ? TRUE_CONTENT_MISMATCH
g4_kp2_ja_charon_a1 証拠だと受け取られる |S: 倉庫がと受け取られる TRUE_CONTENT_MISMATCH |M: 証拠がと受け取られる。 TRUE_CONTENT_MISMATCH
g5_kp4_ja_charon_a1 名所を中心にした旅程 |S: 名称中心にした予定 TRUE_CONTENT_MISMATCH |M: 名称を中心にした旅亭 TRUE_CONTENT_MISMATCH
g5_kp4_ja_charon_a2 名所を中心にした旅程 |S: 名称を中心にした両手 TRUE_CONTENT_MISMATCH |M: 名称を中心にした両手 TRUE_CONTENT_MISMATCH
g18_meaning_2_a2 拒絶されたように感じる |S: 強絶されたように感じる TRUE_CONTENT_MISMATCH |M: 拒絶されたように感じる EXACT_MATCH
g18_meaning_2_a3 拒絶されたように感じる |S: 強絶されたように感じる TRUE_CONTENT_MISMATCH |M: 拒絶されたように感じる EXACT_MATCH
g1_meaning_4_a1 活動し続ける |S: 活動をし続ける TRUE_CONTENT_MISMATCH |M: 活動し続ける EXACT_MATCH
g1_meaning_4_a2 活動し続ける |S: 活動をし続ける TRUE_CONTENT_MISMATCH |M: 活動し続ける EXACT_MATCH
g1_meaning_4_a3 活動し続ける |S: 活動をし続ける TRUE_CONTENT_MISMATCH |M: 活動し続ける EXACT_MATCH
g6_kp5_ja_charon_a1 形になり始める |S: 形に始める TRUE_CONTENT_MISMATCH |M: 形に始める TRUE_CONTENT_MISMATCH
g6_kp5_ja_charon_a2 形になり始める |S: 形に始め始める TRUE_CONTENT_MISMATCH |M: 形に始め始める。 TRUE_CONTENT_MISMATCH
g6_kp5_ja_charon_a3 形になり始める |S: 形に始める。 TRUE_CONTENT_MISMATCH |M: 形に始める TRUE_CONTENT_MISMATCH
g6_kp5_ja_charon_a4 形になり始める |S: 形に始め合います TRUE_CONTENT_MISMATCH |M: 形に始め合います。 TRUE_CONTENT_MISMATCH
g6_kp5_ja_charon_a5 形になり始める |S: 形に始め始める TRUE_CONTENT_MISMATCH |M: 形に始め始める TRUE_CONTENT_MISMATCH
g6_kp5_ja_charon_a6 形になり始める |S: 形に始める TRUE_CONTENT_MISMATCH |M: 形に始める TRUE_CONTENT_MISMATCH
g22_japanese_title_a1 相場は下落、値札は居残り。コーヒー価格の |S: 相場はげらく、寝ふだわい残り、 コーヒー価格の地サ TRUE_CONTENT_MISMATCH |M: 相場は下落、寝札は居残り、コーヒー価格の自作ボケ PHONETIC_MATCH
g42_ja_colon_a1 理由は3つ。予算、人手、時間 |S: 理由は3つ予算人で時間 TRUE_CONTENT_MISMATCH |M: 理由は3つ予算人で時間 TRUE_CONTENT_MISMATCH
DONE
