{"n_runs": 48, "total_jpy_low_mid_high": [13.74, 16.63, 20.24], "budget_jpy": 25.0, "mode": {"r5_mode": "verify_supported", "r3_reasoning": "high", "r5_reasoning": "low", "r3_reused_from": "C:\\Users\\tensh\\eigo-radio\\er052_output\\open233_stage1_stageA_01"}}
[done] s1/bgroup_B3 cands=11 cost=JPY0.1953 cum=JPY0.195
[done] s1/safety_A2A3 cands=13 cost=JPY0.1943 cum=JPY0.390
[done] s1/safety_A4 cands=24 cost=JPY0.1352 cum=JPY0.525
[done] s1/safety_A5 cands=26 cost=JPY0.1297 cum=JPY0.654
[done] s1/bgroup_B4 cands=23 cost=JPY0.1282 cum=JPY0.783
[done] s1/neg5_hormuz_div_a2 cands=11 cost=JPY0.3131 cum=JPY1.096
[done] s1/bgroup_B2_hormuz cands=14 cost=JPY0.1754 cum=JPY1.271
[done] s1/neg1_meta_b3prod_a2 cands=34 cost=JPY0.136 cum=JPY1.407
[done] s1/neg2_meta_refresh_a2 cands=24 cost=JPY0.1977 cum=JPY1.605
[done] s1/neg3_hormuz_prodrunner_b1b cands=15 cost=JPY0.1567 cum=JPY1.762
[done] s1/neg4_smallbag_div_a2 cands=26 cost=JPY0.2225 cum=JPY1.984
[done] s1/neg6_smallbag_div_b1b cands=19 cost=JPY0.1621 cum=JPY2.146
[done] s1/neg7_meta_prodrunner_b1b cands=26 cost=JPY0.1771 cum=JPY2.323
[done] s1/safety_er009_changed_number cands=1 cost=JPY0 cum=JPY2.323
[done] s1/safety_er009_changed_actor cands=1 cost=JPY0 cum=JPY2.323
[done] s1/safety_er009_changed_scope cands=1 cost=JPY0 cum=JPY2.323
[done] s1/safety_er009_changed_causality cands=1 cost=JPY0 cum=JPY2.323
[done] s1/safety_er009_changed_certainty cands=1 cost=JPY0 cum=JPY2.323
[done] s1/safety_er009_changed_negation cands=1 cost=JPY0 cum=JPY2.323
[done] s1/safety_er009_changed_comparison cands=1 cost=JPY0 cum=JPY2.323
[done] s1/safety_er009_changed_time cands=1 cost=JPY0 cum=JPY2.323
[done] s1/safety_er009_unsupported_new_claim cands=1 cost=JPY0 cum=JPY2.323
[done] s2/bgroup_B3 cands=10 cost=JPY0.2025 cum=JPY2.526
[done] s2/safety_A2A3 cands=16 cost=JPY0.2127 cum=JPY2.738
[done] s2/safety_A4 cands=22 cost=JPY0.1802 cum=JPY2.919
[done] s2/safety_A5 cands=25 cost=JPY0.1634 cum=JPY3.082
[done] s2/bgroup_B4 cands=23 cost=JPY0.0732 cum=JPY3.155
[done] s2/neg5_hormuz_div_a2 cands=11 cost=JPY0.2752 cum=JPY3.430
[done] s2/bgroup_B2_hormuz cands=12 cost=JPY0.1823 cum=JPY3.613
[done] s2/neg1_meta_b3prod_a2 cands=33 cost=JPY0.1578 cum=JPY3.771
[done] s2/neg2_meta_refresh_a2 cands=24 cost=JPY0.2076 cum=JPY3.978
[done] s2/neg3_hormuz_prodrunner_b1b cands=12 cost=JPY0.1676 cum=JPY4.146
[done] s2/neg4_smallbag_div_a2 cands=26 cost=JPY0.1808 cum=JPY4.327
[done] s2/neg6_smallbag_div_b1b cands=21 cost=JPY0.1614 cum=JPY4.488
[done] s2/neg7_meta_prodrunner_b1b cands=26 cost=JPY0.1785 cum=JPY4.666
[done] s3/bgroup_B3 cands=8 cost=JPY0.1905 cum=JPY4.857
[done] s3/safety_A2A3 cands=16 cost=JPY0.1525 cum=JPY5.009
[done] s3/safety_A4 cands=24 cost=JPY0.0812 cum=JPY5.091
[done] s3/safety_A5 cands=23 cost=JPY0.1865 cum=JPY5.277
[done] s3/bgroup_B4 cands=23 cost=JPY0.0652 cum=JPY5.342
[done] s3/neg5_hormuz_div_a2 cands=13 cost=JPY0.2183 cum=JPY5.561
[done] s3/bgroup_B2_hormuz cands=13 cost=JPY0.1801 cum=JPY5.741
{
  "switches": {
    "STAGE1_MODE": "coverage_union",
    "STAGE1_ROUTES": "both",
    "MODEL": "gpt-6-luna",
    "TOTAL_BUDGET_JPY": 25.0,
    "STAGE1_R5_MODE": "verify_supported",
    "STAGE1_R3_REASONING": "high",
    "STAGE1_R5_REASONING": "low",
    "STAGE1_NEGATION_MODE": "a",
    "REUSE_R3_DIR": "C:\\Users\\tensh\\eigo-radio\\er052_output\\open233_stage1_stageA_01"
  },
  "stopped": true,
  "stop_reason": "exceptions in >=2 instances",
  "runs": [
    {
      "sample": 1,
      "instance_id": "bgroup_B3",
      "cost": 0.1953,
      "n_union": 11
    },
    {
      "sample": 1,
      "instance_id": "safety_A2A3",
      "cost": 0.1943,
      "n_union": 13
    },
    {
      "sample": 1,
      "instance_id": "safety_A4",
      "cost": 0.1352,
      "n_union": 24
    },
    {
      "sample": 1,
      "instance_id": "safety_A5",
      "cost": 0.1297,
      "n_union": 26
    },
    {
      "sample": 1,
      "instance_id": "bgroup_B4",
      "cost": 0.1282,
      "n_union": 23
    },
    {
      "sample": 1,
      "instance_id": "neg5_hormuz_div_a2",
      "cost": 0.3131,
      "n_union": 11
    },
    {
      "sample": 1,
      "instance_id": "bgroup_B2_hormuz",
      "cost": 0.1754,
      "n_union": 14
    },
    {
      "sample": 1,
      "instance_id": "neg1_meta_b3prod_a2",
      "cost": 0.136,
      "n_union": 34
    },
    {
      "sample": 1,
      "instance_id": "neg2_meta_refresh_a2",
      "cost": 0.1977,
      "n_union": 24
    },
    {
      "sample": 1,
      "instance_id": "neg3_hormuz_prodrunner_b1b",
      "cost": 0.1567,
      "n_union": 15
    },
    {
      "sample": 1,
      "instance_id": "neg4_smallbag_div_a2",
      "cost": 0.2225,
      "n_union": 26
    },
    {
      "sample": 1,
      "instance_id": "neg6_smallbag_div_b1b",
      "cost": 0.1621,
      "n_union": 19
    },
    {
      "sample": 1,
      "instance_id": "neg7_meta_prodrunner_b1b",
      "cost": 0.1771,
      "n_union": 26
    },
    {
      "sample": 1,
      "instance_id": "safety_er009_changed_number",
      "cost": 0,
      "n_union": 1
    },
    {
      "sample": 1,
      "instance_id": "safety_er009_changed_actor",
      "cost": 0,
      "n_union": 1
    },
    {
      "sample": 1,
      "instance_id": "safety_er009_changed_scope",
      "cost": 0,
      "n_union": 1
    },
    {
      "sample": 1,
      "instance_id": "safety_er009_changed_causality",
      "cost": 0,
      "n_union": 1
    },
    {
      "sample": 1,
      "instance_id": "safety_er009_changed_certainty",
      "cost": 0,
      "n_union": 1
    },
    {
      "sample": 1,
      "instance_id": "safety_er009_changed_negation",
      "cost": 0,
      "n_union": 1
    },
    {
      "sample": 1,
      "instance_id": "safety_er009_changed_comparison",
      "cost": 0,
      "n_union": 1
    },
    {
      "sample": 1,
      "instance_id": "safety_er009_changed_time",
      "cost": 0,
      "n_union": 1
    },
    {
      "sample": 1,
      "instance_id": "safety_er009_unsupported_new_claim",
      "cost": 0,
      "n_union": 1
    },
    {
      "sample": 2,
      "instance_id": "bgroup_B3",
      "cost": 0.2025,
      "n_union": 10
    },
    {
      "sample": 2,
      "instance_id": "safety_A2A3",
      "cost": 0.2127,
      "n_union": 16
    },
    {
      "sample": 2,
      "instance_id": "safety_A4",
      "cost": 0.1802,
      "n_union": 22
    },
    {
      "sample": 2,
      "instance_id": "safety_A5",
      "cost": 0.1634,
      "n_union": 25
    },
    {
      "sample": 2,
      "instance_id": "bgroup_B4",
      "cost": 0.0732,
      "n_union": 23
    },
    {
      "sample": 2,
      "instance_id": "neg5_hormuz_div_a2",
      "cost": 0.2752,
      "n_union": 11
    },
    {
      "sample": 2,
      "instance_id": "bgroup_B2_hormuz",
      "cost": 0.1823,
      "n_union": 12
    },
    {
      "sample": 2,
      "instance_id": "neg1_meta_b3prod_a2",
      "cost": 0.1578,
      "n_union": 33
    },
    {
      "sample": 2,
      "instance_id": "neg2_meta
