=== er052_open243_m123_trial_test_01
14 passed, 1 warning in 2.88s
=== er012_e_family_entertainment_two_level_runner_test_01
23 passed, 1 warning in 6.13s
=== er003_v1_en_direct_vfl_01_generate_test_01
9 passed in 2.15s
=== er019_family_x_new_structure_wiring_01_test_01
31 passed, 1 warning in 2.87s
=== er052_open233_checker_floor_prod_wiring_test_01
59 passed in 2.27s
=== er006_model_routing_pricing_coverage_test_01
7 passed, 1 warning in 2.85s
=== er019_family_x_ja_recheck_retry_01_test_01
9 passed, 1 warning in 2.93s
=== er019_family_x_entertainment_production_runner_01_test_01
2 passed, 1 warning in 2.85s
=== er052_open233_self_recovery_flow_runner_01_test_01
720 passed, 21 subtests passed in 4.89s
=== er045_family_x_no_heading_segmentation_trial_01_test_01
19 passed, 1 warning in 2.85s
=== er006_model_routing_gpt6_wiring_test_01
9 passed in 2.30s
=== er052_open233_stage1_reclassify_01_test_01 (file not found)
