=== er012_e_family_entertainment_two_level_runner_test_01
.venv\Lib\site-packages\google\genai\types.py:42
  C:\Users\tensh\eigo-radio\.venv\Lib\site-packages\google\genai\types.py:42: DeprecationWarning: '_UnionGenericAlias' is deprecated and slated for removal in Python 3.17
    VersionedUnionType = Union[builtin_types.UnionType, _UnionGenericAlias]

-- Docs: https://docs.pytest.org/en/stable/how-to/capture-warnings.html
23 passed, 1 warning in 6.29s
=== er003_v1_en_direct_vfl_01_generate_test_01
.........                                                                [100%]
9 passed in 2.17s
=== er019_family_x_new_structure_wiring_01_test_01
.venv\Lib\site-packages\google\genai\types.py:42
  C:\Users\tensh\eigo-radio\.venv\Lib\site-packages\google\genai\types.py:42: DeprecationWarning: '_UnionGenericAlias' is deprecated and slated for removal in Python 3.17
    VersionedUnionType = Union[builtin_types.UnionType, _UnionGenericAlias]

-- Docs: https://docs.pytest.org/en/stable/how-to/capture-warnings.html
31 passed, 1 warning in 2.94s
=== er052_open233_checker_floor_prod_wiring_test_01
...........................................................              [100%]
59 passed in 2.29s
=== er006_model_routing_pricing_coverage_test_01
.venv\Lib\site-packages\google\genai\types.py:42
  C:\Users\tensh\eigo-radio\.venv\Lib\site-packages\google\genai\types.py:42: DeprecationWarning: '_UnionGenericAlias' is deprecated and slated for removal in Python 3.17
    VersionedUnionType = Union[builtin_types.UnionType, _UnionGenericAlias]

-- Docs: https://docs.pytest.org/en/stable/how-to/capture-warnings.html
7 passed, 1 warning in 2.92s
=== er009_ledger_deviation_recalibration_02_test

no tests ran in 2.14s
=== er019_family_x_ja_recheck_retry_01_test_01
.venv\Lib\site-packages\google\genai\types.py:42
  C:\Users\tensh\eigo-radio\.venv\Lib\site-packages\google\genai\types.py:42: DeprecationWarning: '_UnionGenericAlias' is deprecated and slated for removal in Python 3.17
    VersionedUnionType = Union[builtin_types.UnionType, _UnionGenericAlias]

-- Docs: https://docs.pytest.org/en/stable/how-to/capture-warnings.html
9 passed, 1 warning in 2.99s
=== er019_family_x_entertainment_production_runner_01_test_01
.venv\Lib\site-packages\google\genai\types.py:42
  C:\Users\tensh\eigo-radio\.venv\Lib\site-packages\google\genai\types.py:42: DeprecationWarning: '_UnionGenericAlias' is deprecated and slated for removal in Python 3.17
    VersionedUnionType = Union[builtin_types.UnionType, _UnionGenericAlias]

-- Docs: https://docs.pytest.org/en/stable/how-to/capture-warnings.html
2 passed, 1 warning in 2.82s
=== er052_open233_self_recovery_flow_runner_01_test_01
...................................................... [ 67%]
........................................................................ [ 77%]
........................................................................ [ 87%]
........................................................................ [ 97%]
.....................                                                    [100%]
720 passed, 21 subtests passed in 7.05s
