{"n_runs": 27, "total_jpy_low_mid_high": [8.05, 9.67, 11.71], "budget_jpy": 10.0, "mode": {"r5_mode": "verify_supported", "r3_reasoning": "high", "r5_reasoning": "low", "r3_reused_from": "er052_output/open233_stage1_stageA_01"}}
[done] s1/bgroup_B3 cands=8 cost=JPY0.2265 cum=JPY0.227
[done] s1/safety_A2A3 cands=12 cost=JPY0.2258 cum=JPY0.452
[done] s1/safety_A4 cands=17 cost=JPY0.1455 cum=JPY0.598
[done] s1/safety_A5 cands=21 cost=JPY0.1823 cum=JPY0.780
[done] s1/bgroup_B4 cands=21 cost=JPY0.1461 cum=JPY0.926
[done] s1/neg5_hormuz_div_a2 cands=5 cost=JPY0.3053 cum=JPY1.232
[done] s1/safety_er009_changed_number cands=1 cost=JPY0.1295 cum=JPY1.361
[done] s1/safety_er009_changed_actor cands=1 cost=JPY0.1544 cum=JPY1.515
[done] s1/safety_er009_changed_scope cands=1 cost=JPY0.138 cum=JPY1.653
[done] s1/safety_er009_changed_causality cands=1 cost=JPY0.1338 cum=JPY1.787
[done] s1/safety_er009_changed_certainty cands=1 cost=JPY0.1288 cum=JPY1.916
[done] s1/safety_er009_changed_negation cands=1 cost=JPY0.1175 cum=JPY2.034
[done] s1/safety_er009_changed_comparison cands=1 cost=JPY0.1226 cum=JPY2.156
[done] s1/safety_er009_changed_time cands=1 cost=JPY0.1336 cum=JPY2.290
[done] s1/safety_er009_unsupported_new_claim cands=1 cost=JPY0.1194 cum=JPY2.409
[done] s2/bgroup_B3 cands=6 cost=JPY0.2454 cum=JPY2.655
[done] s2/safety_A2A3 cands=13 cost=JPY0.2099 cum=JPY2.864
[done] s2/safety_A4 cands=18 cost=JPY0.1284 cum=JPY2.993
[done] s2/safety_A5 cands=18 cost=JPY0.2134 cum=JPY3.206
[done] s2/bgroup_B4 cands=22 cost=JPY0.1435 cum=JPY3.350
[done] s2/neg5_hormuz_div_a2 cands=5 cost=JPY0.3468 cum=JPY3.697
[done] s3/bgroup_B3 cands=5 cost=JPY0.261 cum=JPY3.958
[done] s3/safety_A2A3 cands=15 cost=JPY0.2025 cum=JPY4.160
[done] s3/safety_A4 cands=20 cost=JPY0.1934 cum=JPY4.353
[done] s3/safety_A5 cands=19 cost=JPY0.2392 cum=JPY4.593
[done] s3/bgroup_B4 cands=22 cost=JPY0.0815 cum=JPY4.674
[done] s3/neg5_hormuz_div_a2 cands=6 cost=JPY0.2661 cum=JPY4.940
{
  "switches": {
    "STAGE1_MODE": "coverage_union",
    "STAGE1_ROUTES": "both",
    "MODEL": "gpt-6-luna",
    "TOTAL_BUDGET_JPY": 10.0,
    "STAGE1_R5_MODE": "verify_supported",
    "STAGE1_R3_REASONING": "high",
    "STAGE1_R5_REASONING": "low",
    "STAGE1_NEGATION_MODE": "a",
    "REUSE_R3_DIR": "er052_output/open233_stage1_stageA_01"
  },
  "stopped": false,
  "stop_reason": null,
  "runs": [
    {
      "sample": 1,
      "instance_id": "bgroup_B3",
      "cost": 0.2265,
      "n_union": 8
    },
    {
      "sample": 1,
      "instance_id": "safety_A2A3",
      "cost": 0.2258,
      "n_union": 12
    },
    {
      "sample": 1,
      "instance_id": "safety_A4",
      "cost": 0.1455,
      "n_union": 17
    },
    {
      "sample": 1,
      "instance_id": "safety_A5",
      "cost": 0.1823,
      "n_union": 21
    },
    {
      "sample": 1,
      "instance_id": "bgroup_B4",
      "cost": 0.1461,
      "n_union": 21
    },
    {
      "sample": 1,
      "instance_id": "neg5_hormuz_div_a2",
      "cost": 0.3053,
      "n_union": 5
    },
    {
      "sample": 1,
      "instance_id": "safety_er009_changed_number",
      "cost": 0.1295,
      "n_union": 1
    },
    {
      "sample": 1,
      "instance_id": "safety_er009_changed_actor",
      "cost": 0.1544,
      "n_union": 1
    },
    {
      "sample": 1,
      "instance_id": "safety_er009_changed_scope",
      "cost": 0.138,
      "n_union": 1
    },
    {
      "sample": 1,
      "instance_id": "safety_er009_changed_causality",
      "cost": 0.1338,
      "n_union": 1
    },
    {
      "sample": 1,
      "instance_id": "safety_er009_changed_certainty",
      "cost": 0.1288,
      "n_union": 1
    },
    {
      "sample": 1,
      "instance_id": "safety_er009_changed_negation",
      "cost": 0.1175,
      "n_union": 1
    },
    {
      "sample": 1,
      "instance_id": "safety_er009_changed_comparison",
      "cost": 0.1226,
      "n_union": 1
    },
    {
      "sample": 1,
      "instance_id": "safety_er009_changed_time",
      "cost": 0.1336,
      "n_union": 1
    },
    {
      "sample": 1,
      "instance_id": "safety_er009_unsupported_new_claim",
      "cost": 0.1194,
      "n_union": 1
    },
    {
      "sample": 2,
      "instance_id": "bgroup_B3",
      "cost": 0.2454,
      "n_union": 6
    },
    {
      "sample": 2,
      "instance_id": "safety_A2A3",
      "cost": 0.2099,
      "n_union": 13
    },
    {
      "sample": 2,
      "instance_id": "safety_A4",
      "cost": 0.1284,
      "n_union": 18
    },
    {
      "sample": 2,
      "instance_id": "safety_A5",
      "cost": 0.2134,
      "n_union": 18
    },
    {
      "sample": 2,
      "instance_id": "bgroup_B4",
      "cost": 0.1435,
      "n_union": 22
    },
    {
      "sample": 2,
      "instance_id": "neg5_hormuz_div_a2",
      "cost": 0.3468,
      "n_union": 5
    },
    {
      "sample": 3,
      "instance_id": "bgroup_B3",
      "cost": 0.261,
      "n_union": 5
    },
    {
      "sample": 3,
      "instance_id": "safety_A2A3",
      "cost": 0.2025,
      "n_union": 15
    },
    {
      "sample": 3,
      "instance_id": "safety_A4",
      "cost": 0.1934,
      "n_union": 20
    },
    {
      "sample": 3,
      "instance_id": "safety_A5",
      "cost": 0.2392,
      "n_union": 19
    },
    {
      "sample": 3,
      "instance_id": "bgroup_B4",
      "cost": 0.0815,
      "n_union": 22
    },
    {
      "sample": 3,
      "instance_id": "neg5_hormuz_div_a2",
      "cost": 0.2661,
      "n_union": 6
    }
  ],
  "exceptions": [],
  "runs_over_3jpy": [],
  "cumulative_jpy": 4.9402,
  "worst_run_jpy": 0.3468
}
