{"n_runs": 42, "total_jpy_low_mid_high": [16.72, 21.77, 28.09], "budget_jpy": 15.0, "mode": {"r5_mode": "verify_supported", "r3_reasoning": "high", "r5_reasoning": "medium", "r3_reused_from": "er052_output/open233_stage1_stageA_01"}}
[done] s1/bgroup_B3 cands=9 cost=JPY0.4687 cum=JPY0.469
[done] s1/safety_A2A3 cands=13 cost=JPY0.3812 cum=JPY0.850
[done] s1/safety_A4 cands=18 cost=JPY0.4148 cum=JPY1.265
[done] s1/safety_A5 cands=21 cost=JPY0.1948 cum=JPY1.460
[done] s1/bgroup_B4 cands=22 cost=JPY0.293 cum=JPY1.752
[done] s1/neg5_hormuz_div_a2 cands=6 cost=JPY0.4926 cum=JPY2.245
[done] s1/bgroup_B2_hormuz cands=10 cost=JPY0.382 cum=JPY2.627
[done] s1/neg1_meta_b3prod_a2 cands=30 cost=JPY0.2797 cum=JPY2.907
[done] s1/neg2_meta_refresh_a2 cands=14 cost=JPY0.4527 cum=JPY3.360
[done] s1/neg3_hormuz_prodrunner_b1b cands=10 cost=JPY0.2987 cum=JPY3.658
[done] s1/neg4_smallbag_div_a2 cands=27 cost=JPY0.4447 cum=JPY4.103
[done] s1/neg6_smallbag_div_b1b cands=20 cost=JPY0.4285 cum=JPY4.531
[done] s1/neg7_meta_prodrunner_b1b cands=19 cost=JPY0.3718 cum=JPY4.903
[done] s1/safety_er009_changed_number cands=1 cost=JPY0 cum=JPY4.903
[done] s1/safety_er009_changed_actor cands=1 cost=JPY0 cum=JPY4.903
[done] s1/safety_er009_changed_scope cands=1 cost=JPY0 cum=JPY4.903
[done] s1/safety_er009_changed_causality cands=1 cost=JPY0 cum=JPY4.903
[done] s1/safety_er009_changed_certainty cands=1 cost=JPY0 cum=JPY4.903
[done] s1/safety_er009_changed_negation cands=1 cost=JPY0 cum=JPY4.903
[done] s1/safety_er009_changed_comparison cands=1 cost=JPY0 cum=JPY4.903
[done] s1/safety_er009_changed_time cands=1 cost=JPY0 cum=JPY4.903
[done] s1/safety_er009_unsupported_new_claim cands=1 cost=JPY0 cum=JPY4.903
[done] s2/bgroup_B3 cands=6 cost=JPY0.3728 cum=JPY5.276
[done] s2/safety_A2A3 cands=12 cost=JPY0.2981 cum=JPY5.574
[done] s2/safety_A4 cands=20 cost=JPY0.4041 cum=JPY5.978
[done] s2/safety_A5 cands=19 cost=JPY0.3702 cum=JPY6.348
[done] s2/bgroup_B4 cands=23 cost=JPY0.3142 cum=JPY6.663
[done] s2/neg5_hormuz_div_a2 cands=6 cost=JPY0.4525 cum=JPY7.115
[done] s2/bgroup_B2_hormuz cands=6 cost=JPY0.4081 cum=JPY7.523
[done] s2/neg1_meta_b3prod_a2 cands=31 cost=JPY0.2749 cum=JPY7.798
[done] s2/neg2_meta_refresh_a2 cands=15 cost=JPY0.4354 cum=JPY8.233
[done] s2/neg3_hormuz_prodrunner_b1b cands=7 cost=JPY0.4106 cum=JPY8.644
[done] s2/neg4_smallbag_div_a2 cands=27 cost=JPY0.3106 cum=JPY8.955
[done] s2/neg6_smallbag_div_b1b cands=20 cost=JPY0.3784 cum=JPY9.333
[done] s2/neg7_meta_prodrunner_b1b cands=20 cost=JPY0.3172 cum=JPY9.650
[done] s3/bgroup_B3 cands=4 cost=JPY0.3796 cum=JPY10.030
[done] s3/safety_A2A3 cands=15 cost=JPY0.2136 cum=JPY10.243
[done] s3/safety_A4 cands=20 cost=JPY0.2459 cum=JPY10.489
[done] s3/safety_A5 cands=16 cost=JPY0.2962 cum=JPY10.786
[done] s3/bgroup_B4 cands=23 cost=JPY0.191 cum=JPY10.977
[done] s3/neg5_hormuz_div_a2 cands=6 cost=JPY0.6539 cum=JPY11.630
[done] s3/bgroup_B2_hormuz cands=7 cost=JPY0.3378 cum=JPY11.968
{
  "switches": {
    "STAGE1_MODE": "coverage_union",
    "STAGE1_ROUTES": "both",
    "MODEL": "gpt-6-luna",
    "TOTAL_BUDGET_JPY": 15.0,
    "STAGE1_R5_MODE": "verify_supported",
    "STAGE1_R3_REASONING": "high",
    "STAGE1_R5_REASONING": "medium",
    "STAGE1_NEGATION_MODE": "a",
    "REUSE_R3_DIR": "er052_output/open233_stage1_stageA_01"
  },
  "stopped": false,
  "stop_reason": null,
  "runs": [
    {
      "sample": 1,
      "instance_id": "bgroup_B3",
      "cost": 0.4687,
      "n_union": 9
    },
    {
      "sample": 1,
      "instance_id": "safety_A2A3",
      "cost": 0.3812,
      "n_union": 13
    },
    {
      "sample": 1,
      "instance_id": "safety_A4",
      "cost": 0.4148,
      "n_union": 18
    },
    {
      "sample": 1,
      "instance_id": "safety_A5",
      "cost": 0.1948,
      "n_union": 21
    },
    {
      "sample": 1,
      "instance_id": "bgroup_B4",
      "cost": 0.293,
      "n_union": 22
    },
    {
      "sample": 1,
      "instance_id": "neg5_hormuz_div_a2",
      "cost": 0.4926,
      "n_union": 6
    },
    {
      "sample": 1,
      "instance_id": "bgroup_B2_hormuz",
      "cost": 0.382,
      "n_union": 10
    },
    {
      "sample": 1,
      "instance_id": "neg1_meta_b3prod_a2",
      "cost": 0.2797,
      "n_union": 30
    },
    {
      "sample": 1,
      "instance_id": "neg2_meta_refresh_a2",
      "cost": 0.4527,
      "n_union": 14
    },
    {
      "sample": 1,
      "instance_id": "neg3_hormuz_prodrunner_b1b",
      "cost": 0.2987,
      "n_union": 10
    },
    {
      "sample": 1,
      "instance_id": "neg4_smallbag_div_a2",
      "cost": 0.4447,
      "n_union": 27
    },
    {
      "sample": 1,
      "instance_id": "neg6_smallbag_div_b1b",
      "cost": 0.4285,
      "n_union": 20
    },
    {
      "sample": 1,
      "instance_id": "neg7_meta_prodrunner_b1b",
      "cost": 0.3718,
      "n_union": 19
    },
    {
      "sample": 1,
      "instance_id": "safety_er009_changed_number",
      "cost": 0,
      "n_union": 1
    },
    {
      "sample": 1,
      "instance_id": "safety_er009_changed_actor",
      "cost": 0,
      "n_union": 1
    },
    {
      "sample": 1,
      "instance_id": "safety_er009_changed_scope",
      "cost": 0,
      "n_union": 1
    },
    {
      "sample": 1,
      "instance_id": "safety_er009_changed_causality",
      "cost": 0,
      "n_union": 1
    },
    {
      "sample": 1,
      "instance_id": "safety_er009_changed_certainty",
      "cost": 0,
      "n_union": 1
    },
    {
      "sample": 1,
      "instance_id": "safety_er009_changed_negation",
      "cost": 0,
      "n_union": 1
    },
    {
      "sample": 1,
      "instance_id": "safety_er009_changed_comparison",
      "cost": 0,
      "n_union": 1
    },
    {
      "sample": 1,
      "instance_id": "safety_er009_changed_time",
      "cost": 0,
      "n_union": 1
    },
    {
      "sample": 1,
      "instance_id": "safety_er009_unsupported_new_claim",
      "cost": 0,
      "n_union": 1
    },
    {
      "sample": 2,
      "instance_id": "bgroup_B3",
      "cost": 0.3728,
      "n_union": 6
    },
    {
      "sample": 2,
      "instance_id": "safety_A2A3",
      "cost": 0.2981,
      "n_union": 12
    },
    {
      "sample": 2,
      "instance_id": "safety_A4",
      "cost": 0.4041,
      "n_union": 20
    },
    {
      "sample": 2,
      "instance_id": "safety_A5",
      "cost": 0.3702,
      "n_union": 19
    },
    {
      "sample": 2,
      "instance_id": "bgroup_B4",
      "cost": 0.3142,
      "n_union": 23
    },
    {
      "sample": 2,
      "instance_id": "neg5_hormuz_div_a2",
      "cost": 0.4525,
      "n_union": 6
    },
    {
      "sample": 2,
      "instance_id": "bgroup_B2_hormuz",
      "cost": 0.4081,
      "n_union": 6
    },
    {
      "sample": 2,
      "instance_id": "neg1_meta_b3prod_a2",
      "cost": 0.2749,
      "n_union": 31
    },
    {
      "sample": 2,
      "instance_id": "neg2_meta_refresh_a2",
      "cost": 0.4354,
      "n_union": 15
  
