  [D] 10/520 done, last=open112_rerun02::er011_output/open112_trend_theme2_b_final_audio_rerun_02::a2::point_one_original best_run=0.03 elapsed_total=47.0s
  [D] 20/520 done, last=open112_rerun02::er011_output/open112_trend_theme2_b_final_audio_rerun_02::b1b::point_one best_run=0.05 elapsed_total=79.7s
  [D] 30/520 done, last=open112_trial13::er011_output/open112_trend_theme2_b_full_audio_trial_13::a2::in_one_line best_run=0.32 elapsed_total=118.8s
  [D] 40/520 done, last=open112_trial13::er011_output/open112_trend_theme2_b_full_audio_trial_13::a2::point_two_original best_run=0.25 elapsed_total=152.9s
  [D] 50/520 done, last=open112_trial13::er011_output/open112_trend_theme2_b_full_audio_trial_13::b1b::topic_intro best_run=0.02 elapsed_total=178.7s
  [D] 60/520 done, last=open117_trial02_kp::er011_output/open117_keyphrase_display_tts_separation_trial_02::a2::point_one_original best_run=0.03 elapsed_total=229.6s
  [D] 70/520 done, last=open117_trial02_kp::er011_output/open117_keyphrase_display_tts_separation_trial_02::b1b::point_one_heading best_run=0.04 elapsed_total=269.9s
  [D] 80/520 done, last=pool_pilot_01/pool_benches::er006_output/pool_pilot_01/pool_benches::a2::point_two_heading best_run=0.03 elapsed_total=324.6s
  [D] 90/520 done, last=pool_pilot_01/pool_benches::er006_output/pool_pilot_01/pool_benches::b1b::topic_intro best_run=0.12 elapsed_total=367.0s
  [D] 100/520 done, last=pool_pilot_01/pool_benches_luna::er006_output/pool_pilot_01/pool_benches_luna::b1b::full_story_part1 best_run=0.03 elapsed_total=419.3s
  [D] 110/520 done, last=pool_pilot_01/pool_benches_pilot_02::er006_output/pool_pilot_01/pool_benches_pilot_02::a2::full_story_part2 best_run=0.06 elapsed_total=460.1s
  [D] 120/520 done, last=pool_pilot_01/pool_benches_pilot_02::er006_output/pool_pilot_01/pool_benches_pilot_02::b1b::full_story_part2 best_run=0.07 elapsed_total=494.7s
  [D] 130/520 done, last=pool_pilot_01/pool_n18_notifications::er006_output/pool_pilot_01/pool_n18_notifications::a2::full_story_part2 best_run=0.04 elapsed_total=562.2s
  [D] 140/520 done, last=pool_pilot_01/pool_n18_notifications::er006_output/pool_pilot_01/pool_n18_notifications::a2::point_two_heading best_run=0.02 elapsed_total=605.2s
  [D] 150/520 done, last=pool_pilot_01/pool_n18_notifications::er006_output/pool_pilot_01/pool_n18_notifications::b1b::point_two best_run=0.09 elapsed_total=634.9s
  [D] 160/520 done, last=pool_pilot_01/pool_n18_notifications_specfix_v2::er006_output/pool_pilot_01/pool_n18_notifications_specfix_v2::a2::point_explanation best_run=0.02 elapsed_total=683.7s
  [D] 170/520 done, last=pool_pilot_01/pool_n18_notifications_specfix_v2::er006_output/pool_pilot_01/pool_n18_notifications_specfix_v2::b1b::full_story_intro_charon best_run=0.04 elapsed_total=698.5s
  [D] 180/520 done, last=pool_pilot_01/pool_n18_notifications_specfix_v2_ec_a_precision_21r::er006_output/pool_pilot_01/pool_n18_notifications_specfix_v2_ec_a_precision_21r::a2::full_story_part1 best_run=0.05 elapsed_total=769.3s
  [D] 190/520 done, last=pool_pilot_01/pool_n18_notifications_specfix_v2_ec_a_precision_21r::er006_output/pool_pilot_01/pool_n18_notifications_specfix_v2_ec_a_precision_21r::a2::point_one_original best_run=0.02 elapsed_total=816.8s
  [D] 200/520 done, last=pool_pilot_01/pool_n18_notifications_specfix_v2_ec_a_precision_21r::er006_output/pool_pilot_01/pool_n18_notifications_specfix_v2_ec_a_precision_21r::b1b::point_one best_run=0.03 elapsed_total=873.4s
  [D] 210/520 done, last=pool_pilot_01/pool_n4_supermarket::er006_output/pool_pilot_01/pool_n4_supermarket::a2::in_one_line best_run=0.1 elapsed_total=955.9s
  [D] 220/520 done, last=pool_pilot_01/pool_n4_supermarket::er006_output/pool_pilot_01/pool_n4_supermarket::a2::point_two_original best_run=0.04 elapsed_total=969.5s
  [D] 230/520 done, last=pool_pilot_01/pool_n4_supermarket::er006_output/pool_pilot_01/pool_n4_supermarket::b1b::topic_intro best_run=0.06 elapsed_total=1034.2s
  [D] 240/520 done, last=pool_pilot_01/pool_n5_cafes::er006_output/pool_pilot_01/pool_n5_cafes::a2::point_one_heading best_run=0.02 elapsed_total=1159.4s
  [D] 250/520 done, last=pool_pilot_01/pool_n5_cafes::er006_output/pool_pilot_01/pool_n5_cafes::b1b::full_story_part2 best_run=0.05 elapsed_total=1227.1s
  [D] 260/520 done, last=pool_pilot_01/pool_n6_delivery::er006_output/pool_pilot_01/pool_n6_delivery::a2::in_one_line best_run=0.02 elapsed_total=1258.5s
  [D] 270/520 done, last=pool_pilot_01/pool_n6_delivery::er006_output/pool_pilot_01/pool_n6_delivery::b1b::in_one_line best_run=0.04 elapsed_total=1305.3s
  [D] 280/520 done, last=pool_pilot_01/pool_n7_assigned_desks::er006_output/pool_pilot_01/pool_n7_assigned_desks::a2::full_story_part2_original best_run=0.05 elapsed_total=1339.8s
  [D] 290/520 done, last=pool_pilot_01/pool_n7_assigned_desks::er006_output/pool_pilot_01/pool_n7_assigned_desks::a2::point_two_heading_original best_run=0.02 elapsed_total=1353.1s
  [D] 300/520 done, last=pool_pilot_01/pool_n7_assigned_desks::er006_output/pool_pilot_01/pool_n7_assigned_desks::b1b::point_two_heading best_run=0.06 elapsed_total=1397.3s
  [D] 310/520 done, last=pool_pilot_01/pool_n8_airport_line::er006_output/pool_pilot_01/pool_n8_airport_line::a2::point_one best_run=0.1 elapsed_total=1485.4s
  [D] 320/520 done, last=pool_pilot_01/pool_n8_airport_line::er006_output/pool_pilot_01/pool_n8_airport_line::b1b::full_story_part1 best_run=0.06 elapsed_total=1510.0s
  [D] 330/520 done, last=pool_pilot_01/pool_n9_tip_screens::er006_output/pool_pilot_01/pool_n9_tip_screens::a2::full_story_part1_original best_run=0.14 elapsed_total=1561.6s
  [D] 340/520 done, last=pool_pilot_01/pool_n9_tip_screens::er006_output/pool_pilot_01/pool_n9_tip_screens::a2::point_two best_run=0.05 elapsed_total=1607.3s
  [D] 350/520 done, last=pool_pilot_01/pool_n9_tip_screens::er006_output/pool_pilot_01/pool_n9_tip_screens::b1b::point_one_heading best_run=0.04 elapsed_total=1650.1s
  [D] 360/520 done, last=pool_pilot_01/pool_startups::er006_output/pool_pilot_01/pool_startups::a2::point_two_heading best_run=0.03 elapsed_total=1721.7s
  [D] 370/520 done, last=pool_pilot_01/pool_startups::er006_output/pool_pilot_01/pool_startups::b1b::topic_intro best_run=0.03 elapsed_total=1765.0s
  [D] 380/520 done, last=pool_pilot_01/pool_subscriptions::er006_output/pool_pilot_01/pool_subscriptions::b1b::full_story_part1 best_run=0.03 elapsed_total=1845.8s
  [D] 390/520 done, last=er012_laneb_trial08::er012_output/editorial_b_voices_trial_08_audio/p1::b1b::full_story_part2 best_run=0.04 elapsed_total=1873.0s
  [D] 400/520 done, last=er012_laneb_trial08::er012_output/editorial_b_voices_trial_08_audio/p3::b1b::in_one_line best_run=0.01 elapsed_total=1896.2s
  [D] 410/520 done, last=er012_laneb_trial09::er012_output/editorial_b_voices_trial_09_audio::b1b::in_one_line best_run=0.01 elapsed_total=1916.9s
  [D] 420/520 done, last=er003_output/a2_audio_01::er003_output/a2_audio_01::A02::point_one best_run=0.04 elapsed_total=1956.9s
  [D] 430/520 done, last=er003_output/b1_p9a::er003_output/b1_p9a::A02::topic_intro best_run=0.01 elapsed_total=2029.0s
  [D] 440/520 done, last=er003_output/crosslevel_audio_02::er003_output/crosslevel_audio_02::A01::point_one best_run=0.05 elapsed_total=2090.3s
  [D] 450/520 done, last=er003_output/n3_01::er003_output/n3_01/hanshin::a2::point_one best_run=0.03 elapsed_total=2151.7s
  [D] 460/520 done, last=er003_output/n3_01::er003_output/n3_01/hanshin::b1b::point_one_heading best_run=0.01 elapsed_total=2182.2s
  [D] 470/520 done, last=er003_output/n3_01::er003_output/n3_01/health::a2::point_two_heading best_run=0.02 elapsed_total=2232.2s
  [D] 480/520 done, last=er003_output/n3_01::er003_output/n3_01/health::b1b::topic_intro best_run=0.03 elapsed_total=2265.4s
  [D] 490/520 done, last=er003_output/n3_01::er003_output/n3_01/household::b1b::full_story_part1 best_run=0.02 elapsed_total=2299.6s
  [D] 500/520 done, last=er003_output/novel_audio_01::er003_output/novel_audio_01::SING01::full_story_part2 best_run=0.03 elapsed_total=2413.1s
  [D] 510/520 done, last=er003_output/novel_audio_02::er003_output/novel_audio_02/IRAN01::a2_audio::point_two best_run=0.07 elapsed_total=2467.5s
  [D] 520/520 done, last=known_case::b1_fsp1_falsestart_clip_0-3s best_run=0.03 elapsed_total=2518.6s
run_d: 520 newly processed, 520 total in er011_output/open121_existing_audio_dprime_sweep_01/results/method_d.json (elapsed 2518.6s)
