  [D'] 25 done, last=open112_rerun02::er011_output/open112_trend_theme2_b_final_audio_rerun_02::a2::point_one_original run@0.6=0.38s elapsed_total=7.4s
  [D'] 50 done, last=open112_rerun02::er011_output/open112_trend_theme2_b_final_audio_rerun_02::b1b::kp5_ja_charon run@0.6=0.29s elapsed_total=13.3s
  [D'] 75 done, last=open112_trial13::er011_output/open112_trend_theme2_b_full_audio_trial_13::a2::japanese_title run@0.6=0.34s elapsed_total=21.6s
  [D'] 100 done, last=open112_trial13::er011_output/open112_trend_theme2_b_full_audio_trial_13::a2::point_two_original run@0.6=0.49s elapsed_total=25.4s
  [D'] 125 done, last=open112_trial13::er011_output/open112_trend_theme2_b_full_audio_trial_13::b1b::num_one_charon run@0.6=0.12s elapsed_total=29.7s
  [D'] 150 done, last=open117_trial02_kp::er011_output/open117_keyphrase_display_tts_separation_trial_02::a2::kp4_en run@0.6=0.06s elapsed_total=37.8s
  [D'] 175 done, last=open117_trial02_kp::er011_output/open117_keyphrase_display_tts_separation_trial_02::b1b::kp1_ja_charon run@0.6=0.27s elapsed_total=45.4s
  [D'] 200 done, last=pool_pilot_01/pool_benches::er006_output/pool_pilot_01/pool_benches::a2::kp4_en run@0.6=0.16s elapsed_total=51.9s
  [D'] 225 done, last=pool_pilot_01/pool_benches::er006_output/pool_pilot_01/pool_benches::b1b::kp2_ja_charon run@0.6=0.22s elapsed_total=57.9s
  [D'] 250 done, last=pool_pilot_01/pool_benches_luna::er006_output/pool_pilot_01/pool_benches_luna::a2::full_story_part2 run@0.6=0.52s elapsed_total=63.4s
  [D'] 275 done, last=pool_pilot_01/pool_benches_luna::er006_output/pool_pilot_01/pool_benches_luna::b1b::full_story_part2 run@0.6=0.38s elapsed_total=68.9s
  [D'] 300 done, last=pool_pilot_01/pool_benches_luna::er006_output/pool_pilot_01/pool_benches_luna::b1b::welcome_charon run@0.6=0.36s elapsed_total=71.3s
  [D'] 325 done, last=pool_pilot_01/pool_benches_pilot_02::er006_output/pool_pilot_01/pool_benches_pilot_02::a2::num_two run@0.6=0.13s elapsed_total=75.7s
  [D'] 350 done, last=pool_pilot_01/pool_benches_pilot_02::er006_output/pool_pilot_01/pool_benches_pilot_02::b1b::kp4_en run@0.6=0.21s elapsed_total=81.4s
  [D'] 375 done, last=pool_pilot_01/pool_n18_notifications::er006_output/pool_pilot_01/pool_n18_notifications::a2::full_story_part2_original run@0.6=0.57s elapsed_total=89.9s
  [D'] 400 done, last=pool_pilot_01/pool_n18_notifications::er006_output/pool_pilot_01/pool_n18_notifications::a2::point_two run@0.6=0.47s elapsed_total=93.2s
  [D'] 425 done, last=pool_pilot_01/pool_n18_notifications::er006_output/pool_pilot_01/pool_n18_notifications::b1b::kp5_en run@0.6=0.19s elapsed_total=98.2s
  [D'] 450 done, last=pool_pilot_01/pool_n18_notifications_specfix_v2::er006_output/pool_pilot_01/pool_n18_notifications_specfix_v2::a2::in_one_line_original run@0.6=0.52s elapsed_total=106.0s
  [D'] 475 done, last=pool_pilot_01/pool_n18_notifications_specfix_v2::er006_output/pool_pilot_01/pool_n18_notifications_specfix_v2::a2::point_two_heading_original run@0.6=0.4s elapsed_total=108.1s
  [D'] 500 done, last=pool_pilot_01/pool_n18_notifications_specfix_v2::er006_output/pool_pilot_01/pool_n18_notifications_specfix_v2::b1b::num_five_charon run@0.6=0.1s elapsed_total=113.7s
  [D'] 525 done, last=pool_pilot_01/pool_n18_notifications_specfix_v2_ec_a_precision_21r::er006_output/pool_pilot_01/pool_n18_notifications_specfix_v2_ec_a_precision_21r::a2::key_phrases_intro run@0.6=0.29s elapsed_total=121.4s
  [D'] 550 done, last=pool_pilot_01/pool_n18_notifications_specfix_v2_ec_a_precision_21r::er006_output/pool_pilot_01/pool_n18_notifications_specfix_v2_ec_a_precision_21r::a2::preview run@0.6=0.57s elapsed_total=124.4s
  [D'] 575 done, last=pool_pilot_01/pool_n18_notifications_specfix_v2_ec_a_precision_21r::er006_output/pool_pilot_01/pool_n18_notifications_specfix_v2_ec_a_precision_21r::b1b::num_one_charon run@0.6=0.12s elapsed_total=129.1s
  [D'] 600 done, last=pool_pilot_01/pool_n4_supermarket::er006_output/pool_pilot_01/pool_n4_supermarket::a2::kp2_en run@0.6=0.26s elapsed_total=137.9s
  [D'] 625 done, last=pool_pilot_01/pool_n4_supermarket::er006_output/pool_pilot_01/pool_n4_supermarket::a2::topic_intro run@0.6=0.33s elapsed_total=141.2s
  [D'] 650 done, last=pool_pilot_01/pool_n4_supermarket::er006_output/pool_pilot_01/pool_n4_supermarket::b1b::num_two_charon run@0.6=0.13s elapsed_total=145.6s
  [D'] 675 done, last=pool_pilot_01/pool_n5_cafes::er006_output/pool_pilot_01/pool_n5_cafes::a2::kp4_en run@0.6=0.16s elapsed_total=155.5s
  [D'] 700 done, last=pool_pilot_01/pool_n5_cafes::er006_output/pool_pilot_01/pool_n5_cafes::b1b::comment_1 run@0.6=0.52s elapsed_total=158.2s
  [D'] 725 done, last=pool_pilot_01/pool_n5_cafes::er006_output/pool_pilot_01/pool_n5_cafes::b1b::point_one_heading run@0.6=0.27s elapsed_total=163.5s
  [D'] 750 done, last=pool_pilot_01/pool_n6_delivery::er006_output/pool_pilot_01/pool_n6_delivery::a2::meaning_4 run@0.6=0.21s elapsed_total=168.8s
  [D'] 775 done, last=pool_pilot_01/pool_n6_delivery::er006_output/pool_pilot_01/pool_n6_delivery::b1b::kp1_en run@0.6=0.15s elapsed_total=175.2s
  [D'] 800 done, last=pool_pilot_01/pool_n7_assigned_desks::er006_output/pool_pilot_01/pool_n7_assigned_desks::a2::comment_3 run@0.6=0.34s elapsed_total=178.0s
  [D'] 825 done, last=pool_pilot_01/pool_n7_assigned_desks::er006_output/pool_pilot_01/pool_n7_assigned_desks::a2::num_two run@0.6=0.13s elapsed_total=182.3s
  [D'] 850 done, last=pool_pilot_01/pool_n7_assigned_desks::er006_output/pool_pilot_01/pool_n7_assigned_desks::b1b::kp1_ja_charon run@0.6=0.19s elapsed_total=189.0s
  [D'] 875 done, last=pool_pilot_01/pool_n8_airport_line::er006_output/pool_pilot_01/pool_n8_airport_line::a2::comment_4 run@0.6=0.34s elapsed_total=192.3s
  [D'] 900 done, last=pool_pilot_01/pool_n8_airport_line::er006_output/pool_pilot_01/pool_n8_airport_line::a2::point_explanation run@0.6=0.23s elapsed_total=198.4s
  [D'] 925 done, last=pool_pilot_01/pool_n8_airport_line::er006_output/pool_pilot_01/pool_n8_airport_line::b1b::kp2_en run@0.6=0.13s elapsed_total=205.2s
  [D'] 950 done, last=pool_pilot_01/pool_n9_tip_screens::er006_output/pool_pilot_01/pool_n9_tip_screens::a2::comment_4 run@0.6=0.75s elapsed_total=209.3s
  [D'] 975 done, last=pool_pilot_01/pool_n9_tip_screens::er006_output/pool_pilot_01/pool_n9_tip_screens::a2::num_three run@0.6=0.11s elapsed_total=213.7s
  [D'] 1000 done, last=pool_pilot_01/pool_n9_tip_screens::er006_output/pool_pilot_01/pool_n9_tip_screens::b1b::kp1_ja_charon run@0.6=0.51s elapsed_total=221.1s
  [D'] 1025 done, last=pool_pilot_01/pool_startups::er006_output/pool_pilot_01/pool_startups::a2::comment_4 run@0.6=0.49s elapsed_total=224.5s
  [D'] 1050 done, last=pool_pilot_01/pool_startups::er006_output/pool_pilot_01/pool_startups::b1b::full_story_intro_charon run@0.6=0.32s elapsed_total=230.7s
  [D'] 1075 done, last=pool_pilot_01/pool_startups::er006_output/pool_pilot_01/pool_startups::b1b::preview_intro_charon run@0.6=0.21s elapsed_total=234.9s
  [D'] 1100 done, last=pool_pilot_01/pool_subscriptions::er006_output/pool_pilot_01/pool_subscriptions::a2::preview run@0.6=0.46s elapsed_total=240.7s
  [D'] 1125 done, last=pool_pilot_01/pool_subscriptions::er006_output/pool_pilot_01/pool_subscriptions::b1b::num_two_charon run@0.6=0.21s elapsed_total=245.5s
  [D'] 1150 done, last=er012_laneb_trial08::er012_output/editorial_b_voices_trial_08_audio/p1::b1b::kp4_ja_charon run@0.6=0.3s elapsed_total=249.4s
  [D'] 1175 done, last=er012_laneb_trial08::er012_output/editorial_b_voices_trial_08_audio/p3::b1b::kp1_ja_charon run@0.6=0.47s elapsed_total=254.5s
  [D'] 1200 done, last=er012_laneb_trial09::er012_output/editorial_b_voices_trial_09_audio::b1b::kp1_en run@0.6=0.23s elapsed_total=259.6s
  [D'] 1225 done, last=er003_output/a2_audio_01::er003_output/a2_audio_01::A02::comment_2 run@0.6=0.49s elapsed_total=263.4s
  [D'] 1250 done, last=er003_output/b1redesign_audio_01::er003_output/b1redesign_audio_01::IRAN01::full_story_part2 run@0.6=0.51s elapsed_total=276.0s
  [D'] 1275 done, last=er003_output/b1redesign_audio_01::er003_output/b1redesign_audio_01::IRAN01::preview_charon run@0.6=0.44s elapsed_total=278.1s
  [D'] 1300 done, last=er003_output/b1_p9a::er003_output/b1_p9a::A01::welcome run@0.6=0.36s elapsed_total=284.4s
  [D'] 1325 done, last=er003_output/b1_scaffold_audio_01::er003_output/b1_scaffold_audio_01::A02::in_one_line run@0.6=0.41s elapsed_total=298.5s
  [D'] 1350 done, last=er003_output/crosslevel_audio_02::er003_output/crosslevel_audio_02::A01::full_story_part2 run@0.6=0.48s elapsed_total=304.6s
  [D'] 1375 done, last=er003_output/jp_reading_safety_01::er003_output::jp_reading_safety_01::fraction_1 run@0.6=0.16s elapsed_total=311.5s
  [D'] 1400 done, last=er003_output/n3_01::er003_output/n3_01/hanshin::a2::point_two run@0.6=0.47s elapsed_total=314.9s
  [D'] 1425 done, last=er003_output/n3_01::er003_output/n3_01/hanshin::b1b::num_one_charon run@0.6=0.16s elapsed_total=318.8s
  [D'] 1450 done, last=er003_output/n3_01::er003_output/n3_01/health::a2::meaning_2 run@0.6=0.18s elapsed_total=324.3s
  [D'] 1475 done, last=er003_output/n3_01::er003_output/n3_01/health::b1b::kp4_en run@0.6=0.19s elapsed_total=329.6s
  [D'] 1500 done, last=er003_output/n3_01::er003_output/n3_01/household::a2::kp1_en run@0.6=0.07s elapsed_total=334.4s
  [D'] 1525 done, last=er003_output/n3_01::er003_output/n3_01/household::b1b::kp1_en run@0.6=0.13s elapsed_total=339.3s
  [D'] 1550 done, last=er003_output/novel_audio_01::er003_output/novel_audio_01::SING01::_test_exclaim run@0.6=0.34s elapsed_total=341.1s
  [D'] 1575 done, last=er003_output/novel_audio_01::er003_output/novel_audio_01::SING01::kp4_en run@0.6=0.27s elapsed_total=347.6s
  [D'] 1600 done, last=er003_output/novel_audio_01::er003_output/novel_audio_01::SING01::welcome_charon run@0.6=0.41s elapsed_total=352.8s
  [D'] 1625 done, last=er003_output/novel_audio_02::er003_output/novel_audio_02/IRAN01::b1::full_story_part1 run@0.6=0.43s elapsed_total=361.4s
  [D'] 1650 done, last=er003_output/novel_audio_02::er003_output/novel_audio_02/IRAN01::b1::topic_intro_charon run@0.6=0.61s elapsed_total=365.5s
run_d_prime: 1654 newly processed, 1654 total in er011_output/open121_existing_audio_dprime_sweep_01/results/method_d_prime.json (elapsed 367.1s)
