  [A] 10/422 done, last=open112_rerun02::er011_output/open112_trend_theme2_b_final_audio_rerun_02::a2::point_one_original flagged=False elapsed_total=46.3s
  [A] 20/422 done, last=open112_rerun02::er011_output/open112_trend_theme2_b_final_audio_rerun_02::b1b::point_one_heading flagged=False elapsed_total=85.6s
  [A] 30/422 done, last=open112_trial13::er011_output/open112_trend_theme2_b_full_audio_trial_13::a2::point_one flagged=False elapsed_total=145.1s
  [A] 40/422 done, last=open112_trial13::er011_output/open112_trend_theme2_b_full_audio_trial_13::b1b::full_story_part2 flagged=False elapsed_total=195.4s
  [A] 50/422 done, last=open117_trial02_kp::er011_output/open117_keyphrase_display_tts_separation_trial_02::a2::full_story_part2_original flagged=False elapsed_total=241.0s
  [A] 60/422 done, last=open117_trial02_kp::er011_output/open117_keyphrase_display_tts_separation_trial_02::a2::point_two_original flagged=True elapsed_total=278.3s
  [A] 70/422 done, last=pool_pilot_01/pool_benches::er006_output/pool_pilot_01/pool_benches::a2::full_story_part1 flagged=False elapsed_total=317.4s
  [A] 80/422 done, last=pool_pilot_01/pool_benches::er006_output/pool_pilot_01/pool_benches::b1b::in_one_line flagged=False elapsed_total=358.9s
  [A] 90/422 done, last=pool_pilot_01/pool_benches_luna::er006_output/pool_pilot_01/pool_benches_luna::a2::point_one_heading flagged=False elapsed_total=391.5s
  [A] 100/422 done, last=pool_pilot_01/pool_benches_luna::er006_output/pool_pilot_01/pool_benches_luna::b1b::point_two_heading flagged=False elapsed_total=428.9s
  [A] 110/422 done, last=pool_pilot_01/pool_benches_pilot_02::er006_output/pool_pilot_01/pool_benches_pilot_02::b1b::full_story_part1 flagged=False elapsed_total=468.0s
  [A] 120/422 done, last=pool_pilot_01/pool_n18_notifications::er006_output/pool_pilot_01/pool_n18_notifications::a2::full_story_part2 flagged=False elapsed_total=515.0s
  [A] 130/422 done, last=pool_pilot_01/pool_n18_notifications::er006_output/pool_pilot_01/pool_n18_notifications::a2::point_two_heading_original flagged=False elapsed_total=550.3s
  [A] 140/422 done, last=pool_pilot_01/pool_n18_notifications::er006_output/pool_pilot_01/pool_n18_notifications::b1b::topic_intro flagged=False elapsed_total=582.8s
  [A] 150/422 done, last=pool_pilot_01/pool_n18_notifications_specfix_v2::er006_output/pool_pilot_01/pool_n18_notifications_specfix_v2::a2::point_one_original flagged=False elapsed_total=622.7s
  [A] 160/422 done, last=pool_pilot_01/pool_n18_notifications_specfix_v2::er006_output/pool_pilot_01/pool_n18_notifications_specfix_v2::b1b::point_one_heading flagged=False elapsed_total=662.8s
  [A] 170/422 done, last=pool_pilot_01/pool_n18_notifications_specfix_v2_ec_a_precision_21r::er006_output/pool_pilot_01/pool_n18_notifications_specfix_v2_ec_a_precision_21r::a2::point_one flagged=False elapsed_total=701.7s
  [A] 180/422 done, last=pool_pilot_01/pool_n18_notifications_specfix_v2_ec_a_precision_21r::er006_output/pool_pilot_01/pool_n18_notifications_specfix_v2_ec_a_precision_21r::b1b::full_story_part2 flagged=False elapsed_total=741.0s
  [A] 190/422 done, last=pool_pilot_01/pool_n4_supermarket::er006_output/pool_pilot_01/pool_n4_supermarket::a2::full_story_part2_original flagged=True elapsed_total=788.7s
  [A] 200/422 done, last=pool_pilot_01/pool_n4_supermarket::er006_output/pool_pilot_01/pool_n4_supermarket::a2::point_two_original flagged=False elapsed_total=814.8s
  [A] 210/422 done, last=pool_pilot_01/pool_n5_cafes::er006_output/pool_pilot_01/pool_n5_cafes::a2::full_story_part1 flagged=False elapsed_total=858.0s
  [A] 220/422 done, last=pool_pilot_01/pool_n5_cafes::er006_output/pool_pilot_01/pool_n5_cafes::a2::point_two flagged=False elapsed_total=901.9s
  [A] 230/422 done, last=pool_pilot_01/pool_n5_cafes::er006_output/pool_pilot_01/pool_n5_cafes::b1b::point_two flagged=False elapsed_total=938.5s
  [A] 240/422 done, last=pool_pilot_01/pool_n6_delivery::er006_output/pool_pilot_01/pool_n6_delivery::a2::topic_intro flagged=False elapsed_total=972.0s
  [A] 250/422 done, last=pool_pilot_01/pool_n7_assigned_desks::er006_output/pool_pilot_01/pool_n7_assigned_desks::a2::full_story_part1_original flagged=False elapsed_total=1008.5s
  [A] 260/422 done, last=pool_pilot_01/pool_n7_assigned_desks::er006_output/pool_pilot_01/pool_n7_assigned_desks::a2::point_two_heading flagged=False elapsed_total=1042.8s
  [A] 270/422 done, last=pool_pilot_01/pool_n7_assigned_desks::er006_output/pool_pilot_01/pool_n7_assigned_desks::b1b::point_two_heading flagged=False elapsed_total=1079.0s
  [A] 280/422 done, last=pool_pilot_01/pool_n8_airport_line::er006_output/pool_pilot_01/pool_n8_airport_line::a2::point_one_heading_original flagged=False elapsed_total=1122.0s
  [A] 290/422 done, last=pool_pilot_01/pool_n8_airport_line::er006_output/pool_pilot_01/pool_n8_airport_line::b1b::point_one_heading flagged=False elapsed_total=1153.8s
  [A] 300/422 done, last=pool_pilot_01/pool_n9_tip_screens::er006_output/pool_pilot_01/pool_n9_tip_screens::a2::point_one_heading flagged=False elapsed_total=1193.9s
  [A] 310/422 done, last=pool_pilot_01/pool_n9_tip_screens::er006_output/pool_pilot_01/pool_n9_tip_screens::b1b::in_one_line flagged=False elapsed_total=1232.9s
  [A] 320/422 done, last=pool_pilot_01/pool_startups::er006_output/pool_pilot_01/pool_startups::a2::point_one_heading flagged=False elapsed_total=1272.1s
  [A] 330/422 done, last=pool_pilot_01/pool_startups::er006_output/pool_pilot_01/pool_startups::b1b::point_two_heading flagged=False elapsed_total=1307.4s
  [A] 340/422 done, last=pool_pilot_01/pool_subscriptions::er006_output/pool_pilot_01/pool_subscriptions::b1b::full_story_part1 flagged=False elapsed_total=1351.2s
  [A] 350/422 done, last=er012_laneb_trial08::er012_output/editorial_b_voices_trial_08_audio/p1::b1b::in_one_line flagged=False elapsed_total=1381.7s
  [A] 360/422 done, last=er012_laneb_trial08::er012_output/editorial_b_voices_trial_08_audio/p3::b1b::point_one flagged=False elapsed_total=1418.7s
  [A] 370/422 done, last=er012_laneb_trial09::er012_output/editorial_b_voices_trial_09_audio::b1b::point_one_heading flagged=False elapsed_total=1451.8s
  [A] 380/422 done, last=er003_output/n3_01::er003_output/n3_01/hanshin::a2::point_two flagged=False elapsed_total=1489.4s
  [A] 390/422 done, last=er003_output/n3_01::er003_output/n3_01/hanshin::b1b::topic_intro flagged=False elapsed_total=1520.1s
  [A] 400/422 done, last=er003_output/n3_01::er003_output/n3_01/health::b1b::in_one_line flagged=False elapsed_total=1563.6s
  [A] 410/422 done, last=er003_output/n3_01::er003_output/n3_01/household::a2::point_one_heading flagged=False elapsed_total=1596.5s
  [A] 420/422 done, last=known_case::point_two_BUGGY_UNFIXED_backup flagged=True elapsed_total=1633.6s
run_method_a: 422 newly processed, 422 total in er011_output/open121_existing_audio_dprime_sweep_01/results/method_a.json (98 en_body items skipped: canonical–¢Žæ“¾) (elapsed 1638.4s)
