  [D'] 25 done, last=open112_rerun02::a2::point_one_original run@0.6=0.38s elapsed_total=7.6s
  [D'] 50 done, last=open112_rerun02::b1b::kp5_ja_charon run@0.6=0.29s elapsed_total=13.7s
  [D'] 75 done, last=open112_trial13::a2::japanese_title run@0.6=0.34s elapsed_total=22.4s
  [D'] 100 done, last=open112_trial13::a2::point_two_original run@0.6=0.49s elapsed_total=26.5s
  [D'] 125 done, last=open112_trial13::b1b::num_one_charon run@0.6=0.12s elapsed_total=31.6s
  [D'] 150 done, last=open117_trial02_kp::a2::kp4_en run@0.6=0.06s elapsed_total=41.0s
  [D'] 175 done, last=open117_trial02_kp::b1b::kp1_ja_charon run@0.6=0.27s elapsed_total=49.7s
  [D'] 200 done, last=pool_pilot_01/pool_benches::a2::kp4_en run@0.6=0.16s elapsed_total=56.3s
  [D'] 225 done, last=pool_pilot_01/pool_benches::b1b::kp2_ja_charon run@0.6=0.22s elapsed_total=62.5s
  [D'] 250 done, last=pool_pilot_01/pool_benches_luna::a2::full_story_part2 run@0.6=0.52s elapsed_total=68.2s
  [D'] 275 done, last=pool_pilot_01/pool_benches_luna::b1b::full_story_part2 run@0.6=0.38s elapsed_total=73.8s
  [D'] 300 done, last=pool_pilot_01/pool_benches_luna::b1b::welcome_charon run@0.6=0.36s elapsed_total=76.3s
  [D'] 325 done, last=pool_pilot_01/pool_benches_pilot_02::a2::num_two run@0.6=0.13s elapsed_total=80.7s
  [D'] 350 done, last=pool_pilot_01/pool_benches_pilot_02::b1b::kp4_en run@0.6=0.21s elapsed_total=86.3s
  [D'] 375 done, last=pool_pilot_01/pool_n18_notifications::a2::full_story_part2_original run@0.6=0.57s elapsed_total=94.9s
  [D'] 400 done, last=pool_pilot_01/pool_n18_notifications::a2::point_two run@0.6=0.47s elapsed_total=98.2s
  [D'] 425 done, last=pool_pilot_01/pool_n18_notifications::b1b::kp5_en run@0.6=0.19s elapsed_total=103.2s
  [D'] 450 done, last=pool_pilot_01/pool_n18_notifications_specfix_v2::a2::in_one_line_original run@0.6=0.52s elapsed_total=111.0s
  [D'] 475 done, last=pool_pilot_01/pool_n18_notifications_specfix_v2::a2::point_two_heading_original run@0.6=0.4s elapsed_total=113.2s
  [D'] 500 done, last=pool_pilot_01/pool_n18_notifications_specfix_v2::b1b::num_five_charon run@0.6=0.1s elapsed_total=118.9s
  [D'] 525 done, last=pool_pilot_01/pool_n18_notifications_specfix_v2_ec_a_precision_21r::a2::key_phrases_intro run@0.6=0.29s elapsed_total=126.8s
  [D'] 550 done, last=pool_pilot_01/pool_n18_notifications_specfix_v2_ec_a_precision_21r::a2::preview run@0.6=0.57s elapsed_total=129.9s
  [D'] 575 done, last=pool_pilot_01/pool_n18_notifications_specfix_v2_ec_a_precision_21r::b1b::num_one_charon run@0.6=0.12s elapsed_total=134.6s
  [D'] 600 done, last=pool_pilot_01/pool_n4_supermarket::a2::kp2_en run@0.6=0.26s elapsed_total=143.7s
  [D'] 625 done, last=pool_pilot_01/pool_n4_supermarket::a2::topic_intro run@0.6=0.33s elapsed_total=147.1s
  [D'] 650 done, last=pool_pilot_01/pool_n4_supermarket::b1b::num_two_charon run@0.6=0.13s elapsed_total=151.7s
  [D'] 675 done, last=pool_pilot_01/pool_n5_cafes::a2::kp4_en run@0.6=0.16s elapsed_total=161.6s
  [D'] 700 done, last=pool_pilot_01/pool_n5_cafes::b1b::comment_1 run@0.6=0.52s elapsed_total=164.3s
  [D'] 725 done, last=pool_pilot_01/pool_n5_cafes::b1b::point_one_heading run@0.6=0.27s elapsed_total=169.9s
  [D'] 750 done, last=pool_pilot_01/pool_n6_delivery::a2::meaning_4 run@0.6=0.21s elapsed_total=175.4s
  [D'] 775 done, last=pool_pilot_01/pool_n6_delivery::b1b::kp1_en run@0.6=0.15s elapsed_total=181.8s
  [D'] 800 done, last=pool_pilot_01/pool_n7_assigned_desks::a2::comment_3 run@0.6=0.34s elapsed_total=184.6s
  [D'] 825 done, last=pool_pilot_01/pool_n7_assigned_desks::a2::num_two run@0.6=0.13s elapsed_total=189.0s
  [D'] 850 done, last=pool_pilot_01/pool_n7_assigned_desks::b1b::kp1_ja_charon run@0.6=0.19s elapsed_total=195.6s
  [D'] 875 done, last=pool_pilot_01/pool_n8_airport_line::a2::comment_4 run@0.6=0.34s elapsed_total=199.0s
  [D'] 900 done, last=pool_pilot_01/pool_n8_airport_line::a2::point_explanation run@0.6=0.23s elapsed_total=205.1s
  [D'] 925 done, last=pool_pilot_01/pool_n8_airport_line::b1b::kp2_en run@0.6=0.13s elapsed_total=212.0s
  [D'] 950 done, last=pool_pilot_01/pool_n9_tip_screens::a2::comment_4 run@0.6=0.75s elapsed_total=216.2s
  [D'] 975 done, last=pool_pilot_01/pool_n9_tip_screens::a2::num_three run@0.6=0.11s elapsed_total=220.6s
  [D'] 1000 done, last=pool_pilot_01/pool_n9_tip_screens::b1b::kp1_ja_charon run@0.6=0.51s elapsed_total=228.3s
  [D'] 1025 done, last=pool_pilot_01/pool_startups::a2::comment_4 run@0.6=0.49s elapsed_total=231.7s
  [D'] 1050 done, last=pool_pilot_01/pool_startups::b1b::full_story_intro_charon run@0.6=0.32s elapsed_total=238.1s
  [D'] 1075 done, last=pool_pilot_01/pool_startups::b1b::preview_intro_charon run@0.6=0.21s elapsed_total=242.5s
  [D'] 1100 done, last=pool_pilot_01/pool_subscriptions::a2::preview run@0.6=0.46s elapsed_total=249.5s
  [D'] 1125 done, last=pool_pilot_01/pool_subscriptions::b1b::num_two_charon run@0.6=0.21s elapsed_total=255.1s
  [D'] 1150 done, last=er012_laneb_trial08::b1b::kp4_ja_charon run@0.6=0.3s elapsed_total=259.8s
  [D'] 1175 done, last=er012_laneb_trial09::b1b::key_phrases_intro_charon run@0.6=0.29s elapsed_total=265.4s
  [D'] 1200 done, last=er003_output/a2_audio_01::A02::comment_1 run@0.6=0.36s elapsed_total=268.9s
  [D'] 1225 done, last=er003_output/b1redesign_audio_01::IRAN01::full_story_part1 run@0.6=0.56s elapsed_total=280.3s
  [D'] 1250 done, last=er003_output/b1redesign_audio_01::IRAN01::point_two_heading_semantic_aoede run@0.6=0.33s elapsed_total=283.9s
  [D'] 1275 done, last=er003_output/b1_p9a::A01::topic_intro run@0.6=0.36s elapsed_total=291.0s
  [D'] 1300 done, last=er003_output/b1_scaffold_audio_01::A02::full_story_part2 run@0.6=0.38s elapsed_total=307.0s
  [D'] 1325 done, last=er003_output/crosslevel_audio_02::A01::full_story_part1 run@0.6=0.38s elapsed_total=313.3s
  [D'] 1350 done, last=er003_output/crosslevel_audio_02::ADD03::preview run@0.6=0.5s elapsed_total=321.3s
  [D'] 1375 done, last=er003_output/n3_01::a2::point_one_heading run@0.6=0.35s elapsed_total=324.5s
  [D'] 1400 done, last=er003_output/n3_01::b1b::num_four_charon run@0.6=0.13s elapsed_total=328.7s
  [D'] 1425 done, last=er003_output/novel_audio_01::SING01::full_story_part1 run@0.6=0.59s elapsed_total=332.7s
  [D'] 1450 done, last=er003_output/novel_audio_01::SING01::point_explanation_en_charon run@0.6=0.18s elapsed_total=336.8s
  [D'] 1475 done, last=er003_output/novel_audio_02::a2_audio::meaning_3 run@0.6=0.21s elapsed_total=346.6s
  [D'] 1500 done, last=er003_output/novel_audio_02::b1::kp4_ja_charon run@0.6=0.19s elapsed_total=352.7s
run_d_prime: 1518 newly processed, 1518 total in er011_output/open121_existing_audio_dprime_sweep_01/results/method_d_prime.json (elapsed 356.3s)
